Archive member included because of file (symbol)

c:/program files/atmel/avr tools/avr toolchain/bin/../lib/gcc/avr/4.4.3/avr5\libgcc.a(_mulsi3.o)
                              wiring_pulse.o (__mulsi3)
c:/program files/atmel/avr tools/avr toolchain/bin/../lib/gcc/avr/4.4.3/avr5\libgcc.a(_udivmodsi4.o)
                              wiring_pulse.o (__udivmodsi4)
c:/program files/atmel/avr tools/avr toolchain/bin/../lib/gcc/avr/4.4.3/avr5\libgcc.a(_divmodsi4.o)
                              WMath.o (__divmodsi4)
c:/program files/atmel/avr tools/avr toolchain/bin/../lib/gcc/avr/4.4.3/avr5\libgcc.a(_exit.o)
                              c:/program files/atmel/avr tools/avr toolchain/bin/../lib/gcc/avr/4.4.3/../../../../avr/lib/avr5/crtm328p.o (exit)
c:/program files/atmel/avr tools/avr toolchain/bin/../lib/gcc/avr/4.4.3/avr5\libgcc.a(_copy_data.o)
                              wiring_analog.o (__do_copy_data)
c:/program files/atmel/avr tools/avr toolchain/bin/../lib/gcc/avr/4.4.3/avr5\libgcc.a(_clear_bss.o)
                              main.o (__do_clear_bss)
c:/program files/atmel/avr tools/avr toolchain/bin/../lib/gcc/avr/4.4.3/avr5\libgcc.a(_ctors.o)
                              main.o (__do_global_ctors)
c:/program files/atmel/avr tools/avr toolchain/bin/../lib/gcc/avr/4.4.3/avr5\libgcc.a(_fixunssfsi.o)
                              Print.o (__fixunssfsi)
c:/program files/atmel/avr tools/avr toolchain/bin/../lib/gcc/avr/4.4.3/avr5\libgcc.a(_addsub_sf.o)
                              Print.o (__subsf3)
c:/program files/atmel/avr tools/avr toolchain/bin/../lib/gcc/avr/4.4.3/avr5\libgcc.a(_mul_sf.o)
                              Print.o (__mulsf3)
c:/program files/atmel/avr tools/avr toolchain/bin/../lib/gcc/avr/4.4.3/avr5\libgcc.a(_div_sf.o)
                              Print.o (__divsf3)
c:/program files/atmel/avr tools/avr toolchain/bin/../lib/gcc/avr/4.4.3/avr5\libgcc.a(_ge_sf.o)
                              c:/program files/atmel/avr tools/avr toolchain/bin/../lib/gcc/avr/4.4.3/avr5\libgcc.a(_fixunssfsi.o) (__gesf2)
c:/program files/atmel/avr tools/avr toolchain/bin/../lib/gcc/avr/4.4.3/avr5\libgcc.a(_lt_sf.o)
                              Print.o (__ltsf2)
c:/program files/atmel/avr tools/avr toolchain/bin/../lib/gcc/avr/4.4.3/avr5\libgcc.a(_si_to_sf.o)
                              Print.o (__floatsisf)
c:/program files/atmel/avr tools/avr toolchain/bin/../lib/gcc/avr/4.4.3/avr5\libgcc.a(_sf_to_si.o)
                              Print.o (__fixsfsi)
c:/program files/atmel/avr tools/avr toolchain/bin/../lib/gcc/avr/4.4.3/avr5\libgcc.a(_thenan_sf.o)
                              c:/program files/atmel/avr tools/avr toolchain/bin/../lib/gcc/avr/4.4.3/avr5\libgcc.a(_addsub_sf.o) (__thenan_sf)
c:/program files/atmel/avr tools/avr toolchain/bin/../lib/gcc/avr/4.4.3/avr5\libgcc.a(_usi_to_sf.o)
                              Print.o (__floatunsisf)
c:/program files/atmel/avr tools/avr toolchain/bin/../lib/gcc/avr/4.4.3/avr5\libgcc.a(_prologue.o)
                              c:/program files/atmel/avr tools/avr toolchain/bin/../lib/gcc/avr/4.4.3/avr5\libgcc.a(_addsub_sf.o) (__prologue_saves__)
c:/program files/atmel/avr tools/avr toolchain/bin/../lib/gcc/avr/4.4.3/avr5\libgcc.a(_epilogue.o)
                              c:/program files/atmel/avr tools/avr toolchain/bin/../lib/gcc/avr/4.4.3/avr5\libgcc.a(_addsub_sf.o) (__epilogue_restores__)
c:/program files/atmel/avr tools/avr toolchain/bin/../lib/gcc/avr/4.4.3/avr5\libgcc.a(_tablejump.o)
                              c:/program files/atmel/avr tools/avr toolchain/bin/../lib/gcc/avr/4.4.3/avr5\libgcc.a(_ctors.o) (__tablejump__)
c:/program files/atmel/avr tools/avr toolchain/bin/../lib/gcc/avr/4.4.3/avr5\libgcc.a(_clzsi2.o)
                              c:/program files/atmel/avr tools/avr toolchain/bin/../lib/gcc/avr/4.4.3/avr5\libgcc.a(_si_to_sf.o) (__clzsi2)
c:/program files/atmel/avr tools/avr toolchain/bin/../lib/gcc/avr/4.4.3/avr5\libgcc.a(_pack_sf.o)
                              c:/program files/atmel/avr tools/avr toolchain/bin/../lib/gcc/avr/4.4.3/avr5\libgcc.a(_addsub_sf.o) (__pack_f)
c:/program files/atmel/avr tools/avr toolchain/bin/../lib/gcc/avr/4.4.3/avr5\libgcc.a(_unpack_sf.o)
                              c:/program files/atmel/avr tools/avr toolchain/bin/../lib/gcc/avr/4.4.3/avr5\libgcc.a(_addsub_sf.o) (__unpack_f)
c:/program files/atmel/avr tools/avr toolchain/bin/../lib/gcc/avr/4.4.3/avr5\libgcc.a(_fpcmp_parts_sf.o)
                              c:/program files/atmel/avr tools/avr toolchain/bin/../lib/gcc/avr/4.4.3/avr5\libgcc.a(_ge_sf.o) (__fpcmp_parts_f)
c:/program files/atmel/avr tools/avr toolchain/bin/../lib/gcc/avr/4.4.3/avr5\libgcc.a(_clz.o)
                              c:/program files/atmel/avr tools/avr toolchain/bin/../lib/gcc/avr/4.4.3/avr5\libgcc.a(_clzsi2.o) (__clz_tab)
[...]
Memory Configuration

Name             Origin             Length             Attributes
text             0x00000000         0x00020000         xr
data             0x00800060         0x0000ffa0         rw !x
eeprom           0x00810000         0x00010000         rw !x
fuse             0x00820000         0x00000400         rw !x
lock             0x00830000         0x00000400         rw !x
signature        0x00840000         0x00000400         rw !x
*default*        0x00000000         0xffffffff

Linker script and memory map

Address of section .data set to 0x800100
LOAD c:/program files/atmel/avr tools/avr toolchain/bin/../lib/gcc/avr/4.4.3/../../../../avr/lib/avr5/crtm328p.o
LOAD main.o
LOAD pins_arduino.o
LOAD WInterrupts.o
LOAD wiring.o
LOAD wiring_analog.o
LOAD wiring_digital.o
LOAD wiring_pulse.o
LOAD wiring_shift.o
LOAD HardwareSerial.o
LOAD Print.o
LOAD Tone.o
LOAD WMath.o
LOAD WString.o
LOAD cplusplushelper.o
LOAD Wire.o
LOAD EEPROM.o
LOAD AFMotor.o
LOAD twi.o
LOAD c:/program files/atmel/avr tools/avr toolchain/bin/../lib/gcc/avr/4.4.3/avr5\libgcc.a
LOAD c:/program files/atmel/avr tools/avr toolchain/bin/../lib/gcc/avr/4.4.3/../../../../avr/lib/avr5\libm.a
LOAD c:/program files/atmel/avr tools/avr toolchain/bin/../lib/gcc/avr/4.4.3/avr5\libgcc.a
LOAD c:/program files/atmel/avr tools/avr toolchain/bin/../lib/gcc/avr/4.4.3/../../../../avr/lib/avr5\libc.a
LOAD c:/program files/atmel/avr tools/avr toolchain/bin/../lib/gcc/avr/4.4.3/avr5\libgcc.a

.hash
 *(.hash)

.dynsym
 *(.dynsym)

.dynstr
 *(.dynstr)

.gnu.version
 *(.gnu.version)

.gnu.version_d
 *(.gnu.version_d)

.gnu.version_r
 *(.gnu.version_r)

.rel.init
 *(.rel.init)

.rela.init
 *(.rela.init)

.rel.text
 *(.rel.text)
 *(.rel.text.*)
 *(.rel.gnu.linkonce.t*)

.rela.text
 *(.rela.text)
 *(.rela.text.*)
 *(.rela.gnu.linkonce.t*)

.rel.fini
 *(.rel.fini)

.rela.fini
 *(.rela.fini)

.rel.rodata
 *(.rel.rodata)
 *(.rel.rodata.*)
 *(.rel.gnu.linkonce.r*)

.rela.rodata
 *(.rela.rodata)
 *(.rela.rodata.*)
 *(.rela.gnu.linkonce.r*)

.rel.data
 *(.rel.data)
 *(.rel.data.*)
 *(.rel.gnu.linkonce.d*)

.rela.data
 *(.rela.data)
 *(.rela.data.*)
 *(.rela.gnu.linkonce.d*)

.rel.ctors
 *(.rel.ctors)

.rela.ctors
 *(.rela.ctors)

.rel.dtors
 *(.rel.dtors)

.rela.dtors
 *(.rela.dtors)

.rel.got
 *(.rel.got)

.rela.got
 *(.rela.got)

.rel.bss
 *(.rel.bss)

.rela.bss
 *(.rela.bss)

.rel.plt
 *(.rel.plt)

.rela.plt
 *(.rela.plt)

.text           0x00000000     0x5550
 *(.vectors)
 .vectors       0x00000000       0x68 c:/program files/atmel/avr tools/avr toolchain/bin/../lib/gcc/avr/4.4.3/../../../../avr/lib/avr5/crtm328p.o
                0x00000000                __vector_default
                0x00000000                __vectors
 *(.vectors)
 *(.progmem.gcc*)
 .progmem.gcc_sw_table
                0x00000068      0x192 twi.o
 *(.progmem*)
 .progmem.data  0x000001fa       0x5a pins_arduino.o
                0x000001fa                port_to_mode_PGM
                0x00000204                port_to_output_PGM
                0x0000020e                port_to_input_PGM
                0x00000218                digital_pin_to_port_PGM
                0x0000022c                digital_pin_to_bit_mask_PGM
                0x00000240                digital_pin_to_timer_PGM
 .progmem.data  0x00000254        0x1 Tone.o
                0x00000256                . = ALIGN (0x2)
 *fill*         0x00000255        0x1 00
                0x00000256                __trampolines_start = .
 *(.trampolines)
 .trampolines   0x00000256        0x0 linker stubs
 *(.trampolines*)
                0x00000256                __trampolines_end = .
 *(.jumptables)
 *(.jumptables*)
 *(.lowtext)
 *(.lowtext*)
                0x00000256                __ctors_start = .
 *(.ctors)
 .ctors         0x00000256        0x2 main.o
 .ctors         0x00000258        0x2 HardwareSerial.o
 .ctors         0x0000025a        0x2 AFMotor.o
                0x0000025c                __ctors_end = .
                0x0000025c                __dtors_start = .
 *(.dtors)
                0x0000025c                __dtors_end = .
 SORT(*)(.ctors)
 SORT(*)(.dtors)
 *(.init0)
 .init0         0x0000025c        0x0 c:/program files/atmel/avr tools/avr toolchain/bin/../lib/gcc/avr/4.4.3/../../../../avr/lib/avr5/crtm328p.o
                0x0000025c                __init
 *(.init0)
 *(.init1)
 *(.init1)
 *(.init2)
 .init2         0x0000025c        0xc c:/program files/atmel/avr tools/avr toolchain/bin/../lib/gcc/avr/4.4.3/../../../../avr/lib/avr5/crtm328p.o
 *(.init2)
 *(.init3)
 *(.init3)
 *(.init4)
 .init4         0x00000268       0x16 c:/program files/atmel/avr tools/avr toolchain/bin/../lib/gcc/avr/4.4.3/avr5\libgcc.a(_copy_data.o)
                0x00000268                __do_copy_data
 .init4         0x0000027e       0x10 c:/program files/atmel/avr tools/avr toolchain/bin/../lib/gcc/avr/4.4.3/avr5\libgcc.a(_clear_bss.o)
                0x0000027e                __do_clear_bss
 *(.init4)
 *(.init5)
 *(.init5)
 *(.init6)
 .init6         0x0000028e       0x16 c:/program files/atmel/avr tools/avr toolchain/bin/../lib/gcc/avr/4.4.3/avr5\libgcc.a(_ctors.o)
                0x0000028e                __do_global_ctors
 *(.init6)
 *(.init7)
 *(.init7)
 *(.init8)
 *(.init8)
 *(.init9)
 .init9         0x000002a4        0x8 c:/program files/atmel/avr tools/avr toolchain/bin/../lib/gcc/avr/4.4.3/../../../../avr/lib/avr5/crtm328p.o
 *(.init9)
 *(.text)
 .text          0x000002ac        0x4 c:/program files/atmel/avr tools/avr toolchain/bin/../lib/gcc/avr/4.4.3/../../../../avr/lib/avr5/crtm328p.o
                0x000002ac                __vector_22
                0x000002ac                __vector_12
                0x000002ac                __bad_interrupt
                0x000002ac                __vector_6
                0x000002ac                __vector_3
                0x000002ac                __vector_23
                0x000002ac                __vector_25
                0x000002ac                __vector_11
                0x000002ac                __vector_13
                0x000002ac                __vector_17
                0x000002ac                __vector_19
                0x000002ac                __vector_5
                0x000002ac                __vector_4
                0x000002ac                __vector_9
                0x000002ac                __vector_21
                0x000002ac                __vector_15
                0x000002ac                __vector_8
                0x000002ac                __vector_14
                0x000002ac                __vector_10
                0x000002ac                __vector_20
 .text          0x000002b0       0x40 main.o
                0x000002ba                main
 .text          0x000002f0        0x0 pins_arduino.o
 .text          0x000002f0      0x128 WInterrupts.o
                0x000002f0                attachInterrupt
                0x00000332                detachInterrupt
                0x00000364                __vector_1
                0x000003be                __vector_2
 .text          0x00000418      0x1da wiring.o
                0x00000418                __vector_16
                0x000004a8                millis
                0x000004c4                micros
                0x00000512                delay
                0x00000568                delayMicroseconds
                0x0000057c                init
 .text          0x000005f2      0x132 wiring_analog.o
                0x000005f2                analogReference
                0x000005f8                analogRead
                0x0000063a                analogWrite
 .text          0x00000724      0x18e wiring_digital.o
                0x00000724                pinMode
                0x000007c8                digitalWrite
                0x0000084a                digitalRead
 .text          0x000008b2      0x14a wiring_pulse.o
                0x000008b2                pulseIn
 .text          0x000009fc      0x118 wiring_shift.o
                0x000009fc                shiftOut
                0x00000a8e                shiftIn
 .text          0x00000b14      0x39a HardwareSerial.o
                0x00000b14                __vector_18
                0x00000b7e                HardwareSerial::HardwareSerial(ring_buffer*, unsigned char volatile*, unsigned char volatile*, unsigned char volatile*, unsigned char volatile*, unsigned char volatile*, unsigned char, unsigned char, unsigned char, unsigned char, unsigned char)
                0x00000bde                HardwareSerial::HardwareSerial(ring_buffer*, unsigned char volatile*, unsigned char volatile*, unsigned char volatile*, unsigned char volatile*, unsigned char volatile*, unsigned char, unsigned char, unsigned char, unsigned char, unsigned char)
                0x00000c3e                HardwareSerial::begin(long)
                0x00000cf6                HardwareSerial::end()
                0x00000d4e                HardwareSerial::available()
                0x00000d74                HardwareSerial::peek()
                0x00000daa                HardwareSerial::read()
                0x00000df2                HardwareSerial::flush()
                0x00000e14                HardwareSerial::write(unsigned char)
 .text          0x00000eae      0x5c2 Print.o
                0x00000eae                Print::write(char const*)
                0x00000ee6                Print::write(unsigned char const*, unsigned int)
                0x00000f2c                Print::print(char const*)
                0x00000f3c                Print::print(String const&)
                0x00000fa0                Print::printNumber(unsigned long, unsigned char)
                0x000010d4                Print::print(unsigned long, int)
                0x000010f2                Print::print(unsigned int, int)
                0x00001100                Print::print(unsigned char, int)
                0x00001110                Print::print(long, int)
                0x0000119c                Print::print(int, int)
                0x000011c2                Print::print(char, int)
                0x000011d2                Print::println()
                0x00001200                Print::println(unsigned long, int)
                0x00001216                Print::println(unsigned int, int)
                0x00001234                Print::println(unsigned char, int)
                0x00001254                Print::println(char const*)
                0x0000126a                Print::println(String const&)
                0x00001280                Print::println(long, int)
                0x00001296                Print::println(int, int)
                0x000012bc                Print::println(char, int)
                0x000012dc                Print::printFloat(double, unsigned char)
                0x00001454                Print::print(double, int)
                0x0000145a                Print::println(double, int)
 .text          0x00001470      0x578 Tone.o
                0x00001470                disableTimer(unsigned char)
                0x000014b2                noTone(unsigned char)
                0x000014ec                __vector_7
                0x000015a4                tone(unsigned char, unsigned int, unsigned long)
 .text          0x000019e8      0x146 WMath.o
                0x000019e8                map(long, long, long, long, long)
                0x00001a7a                makeWord(unsigned int)
                0x00001a7c                makeWord(unsigned char, unsigned char)
                0x00001a8a                random(long)
                0x00001ae0                random(long, long)
                0x00001b1c                randomSeed(unsigned int)
 .text          0x00001b2e     0x1232 WString.o
                0x00001b2e                String::charAt(unsigned int) const
                0x00001b3e                String::setCharAt(unsigned int, char)
                0x00001b5c                String::operator[](unsigned int)
                0x00001b84                String::operator[](unsigned int) const
                0x00001b94                String::toInt()
                0x00001ba0                String::toCharArray(char*, unsigned int)
                0x00001be8                String::getBytes(unsigned char*, unsigned int)
                0x00001c30                String::startsWith(String const&, unsigned int) const
                0x00001c70                String::startsWith(String const&) const
                0x00001c90                String::lastIndexOf(char, unsigned int) const
                0x00001cf6                String::lastIndexOf(char) const
                0x00001d06                String::indexOf(String const&, unsigned int) const
                0x00001d42                String::indexOf(String const&) const
                0x00001d4c                String::indexOf(char, unsigned int) const
                0x00001d84                String::indexOf(char) const
                0x00001d8e                String::equals(String const&) const
                0x00001dc4                String::endsWith(String const&) const
                0x00001e02                String::operator>=(String const&) const
                0x00001e2a                String::operator<=(String const&) const
                0x00001e50                String::operator>(String const&) const
                0x00001e72                String::operator<(String const&) const
                0x00001e96                String::operator!=(String const&) const
                0x00001ecc                String::operator==(String const&) const
                0x00001f10                String::compareTo(String const&) const
                0x00001f22                String::operator+=(String const&)
                0x00001f9e                String::concat(String const&)
                0x00001fa4                String::operator=(String const&)
                0x00002022                String::String(unsigned char)
                0x00002096                String::String(unsigned char)
                0x0000210a                String::String(char)
                0x0000217e                String::String(char)
                0x000021f2                String::String(String const&)
                0x00002240                String::String(String const&)
                0x0000228e                String::String(unsigned long, int)
                0x00002314                String::String(unsigned long, int)
                0x0000239a                String::String(unsigned int, int)
                0x0000241e                String::String(unsigned int, int)
                0x000024a2                String::String(char const*)
                0x0000250a                String::toUpperCase() const
                0x00002586                String::toLowerCase() const
                0x00002602                String::equalsIgnoreCase(String const&) const
                0x000026a6                String::substring(unsigned int, unsigned int) const
                0x0000270e                String::substring(unsigned int) const
                0x00002726                String::lastIndexOf(String const&, unsigned int) const
                0x000027fe                String::lastIndexOf(String const&) const
                0x00002814                String::trim() const
                0x00002920                String::replace(String const&, String const&)
                0x00002a6c                String::replace(char, char)
                0x00002af4                String::String(char const*)
                0x00002b5c                String::String(long, int)
                0x00002bde                String::String(long, int)
                0x00002c60                String::String(int, int)
                0x00002ce0                String::String(int, int)
 .text          0x00002d60       0x2c cplusplushelper.o
                0x00002d60                __cxa_pure_virtual
                0x00002d62                __cxa_guard_acquire
                0x00002d76                __cxa_guard_release
                0x00002d7e                __cxa_guard_abort
                0x00002d80                operator delete(void*)
                0x00002d86                operator new(unsigned int)
 .text          0x00002d8c      0x236 Wire.o
                0x00002d8c                TwoWire::TwoWire()
                0x00002d8e                TwoWire::TwoWire()
                0x00002d90                TwoWire::beginTransmission(unsigned char)
                0x00002da4                TwoWire::beginTransmission(int)
                0x00002db8                TwoWire::available()
                0x00002dc4                TwoWire::receive()
                0x00002de6                TwoWire::onReceiveService(unsigned char*, int)
                0x00002e42                TwoWire::onRequestService()
                0x00002e5a                TwoWire::onReceive(void (*)(int))
                0x00002e64                TwoWire::onRequest(void (*)())
                0x00002e6e                TwoWire::send(unsigned char)
                0x00002ec4                TwoWire::send(int)
                0x00002eca                TwoWire::send(unsigned char*, unsigned char)
                0x00002f26                TwoWire::send(char*)
                0x00002f3e                TwoWire::endTransmission()
                0x00002f5e                TwoWire::requestFrom(unsigned char, unsigned char)
                0x00002f78                TwoWire::requestFrom(int, int)
                0x00002f7e                TwoWire::begin()
                0x00002f94                TwoWire::begin(unsigned char)
                0x00002fbc                TwoWire::begin(int)
 .text          0x00002fc2       0x12 EEPROM.o
                0x00002fc2                EEPROMClass::write(int, unsigned char)
                0x00002fcc                EEPROMClass::read(int)
 .text          0x00002fd4      0xa68 AFMotor.o
                0x00002fd4                AFMotorController::AFMotorController()
                0x00002fd6                AFMotorController::AFMotorController()
                0x00002fd8                AF_DCMotor::setSpeed(unsigned char)
                0x00003006                AF_Stepper::setSpeed(unsigned int)
                0x00003046                AFMotorController::latch_tx()
                0x000030b0                AF_Stepper::onestep(unsigned char, unsigned char)
                0x0000332e                AF_Stepper::step(unsigned int, unsigned char, unsigned char)
                0x000034d4                AF_Stepper::release()
                0x0000350a                AF_DCMotor::run(unsigned char)
                0x000035ee                AFMotorController::enable()
                0x0000362c                AF_Stepper::AF_Stepper(unsigned int, unsigned char)
                0x00003736                AF_DCMotor::AF_DCMotor(unsigned char, unsigned char)
                0x00003834                AF_DCMotor::AF_DCMotor(unsigned char, unsigned char)
                0x00003932                AF_Stepper::AF_Stepper(unsigned int, unsigned char)
 .text          0x00003a3c      0x416 twi.o
                0x00003a3c                twi_init
                0x00003a62                twi_setAddress
                0x00003a6a                twi_readFrom
                0x00003adc                twi_writeTo
                0x00003b7c                twi_transmit
                0x00003bb8                twi_attachSlaveRxEvent
                0x00003bc2                twi_attachSlaveTxEvent
                0x00003bcc                twi_reply
                0x00003be0                twi_stop
                0x00003bf4                twi_releaseBus
                0x00003c00                __vector_24
 .text          0x00003e52        0x0 c:/program files/atmel/avr tools/avr toolchain/bin/../lib/gcc/avr/4.4.3/avr5\libgcc.a(_mulsi3.o)
 .text          0x00003e52        0x0 c:/program files/atmel/avr tools/avr toolchain/bin/../lib/gcc/avr/4.4.3/avr5\libgcc.a(_udivmodsi4.o)
 .text          0x00003e52        0x0 c:/program files/atmel/avr tools/avr toolchain/bin/../lib/gcc/avr/4.4.3/avr5\libgcc.a(_divmodsi4.o)
 .text          0x00003e52        0x0 c:/program files/atmel/avr tools/avr toolchain/bin/../lib/gcc/avr/4.4.3/avr5\libgcc.a(_exit.o)
 .text          0x00003e52        0x0 c:/program files/atmel/avr tools/avr toolchain/bin/../lib/gcc/avr/4.4.3/avr5\libgcc.a(_copy_data.o)
 .text          0x00003e52        0x0 c:/program files/atmel/avr tools/avr toolchain/bin/../lib/gcc/avr/4.4.3/avr5\libgcc.a(_clear_bss.o)
 .text          0x00003e52        0x0 c:/program files/atmel/avr tools/avr toolchain/bin/../lib/gcc/avr/4.4.3/avr5\libgcc.a(_ctors.o)
 .text          0x00003e52       0x58 c:/program files/atmel/avr tools/avr toolchain/bin/../lib/gcc/avr/4.4.3/avr5\libgcc.a(_fixunssfsi.o)
                0x00003e52                __fixunssfsi
 .text          0x00003eaa      0x35c c:/program files/atmel/avr tools/avr toolchain/bin/../lib/gcc/avr/4.4.3/avr5\libgcc.a(_addsub_sf.o)
                0x0000414a                __subsf3
                0x000041ac                __addsf3
 .text          0x00004206      0x1f0 c:/program files/atmel/avr tools/avr toolchain/bin/../lib/gcc/avr/4.4.3/avr5\libgcc.a(_mul_sf.o)
                0x00004206                __mulsf3
 .text          0x000043f6      0x15c c:/program files/atmel/avr tools/avr toolchain/bin/../lib/gcc/avr/4.4.3/avr5\libgcc.a(_div_sf.o)
                0x000043f6                __divsf3
 .text          0x00004552       0x60 c:/program files/atmel/avr tools/avr toolchain/bin/../lib/gcc/avr/4.4.3/avr5\libgcc.a(_ge_sf.o)
                0x00004552                __gesf2
 .text          0x000045b2       0x60 c:/program files/atmel/avr tools/avr toolchain/bin/../lib/gcc/avr/4.4.3/avr5\libgcc.a(_lt_sf.o)
                0x000045b2                __ltsf2
 .text          0x00004612       0xba c:/program files/atmel/avr tools/avr toolchain/bin/../lib/gcc/avr/4.4.3/avr5\libgcc.a(_si_to_sf.o)
                0x00004612                __floatsisf
 .text          0x000046cc       0xa6 c:/program files/atmel/avr tools/avr toolchain/bin/../lib/gcc/avr/4.4.3/avr5\libgcc.a(_sf_to_si.o)
                0x000046cc                __fixsfsi
 .text          0x00004772        0x0 c:/program files/atmel/avr tools/avr toolchain/bin/../lib/gcc/avr/4.4.3/avr5\libgcc.a(_thenan_sf.o)
 .text          0x00004772       0xf0 c:/program files/atmel/avr tools/avr toolchain/bin/../lib/gcc/avr/4.4.3/avr5\libgcc.a(_usi_to_sf.o)
                0x00004772                __floatunsisf
 .text          0x00004862        0x0 c:/program files/atmel/avr tools/avr toolchain/bin/../lib/gcc/avr/4.4.3/avr5\libgcc.a(_prologue.o)
 .text          0x00004862        0x0 c:/program files/atmel/avr tools/avr toolchain/bin/../lib/gcc/avr/4.4.3/avr5\libgcc.a(_epilogue.o)
 .text          0x00004862        0x0 c:/program files/atmel/avr tools/avr toolchain/bin/../lib/gcc/avr/4.4.3/avr5\libgcc.a(_tablejump.o)
 .text          0x00004862       0xb0 c:/program files/atmel/avr tools/avr toolchain/bin/../lib/gcc/avr/4.4.3/avr5\libgcc.a(_clzsi2.o)
                0x00004862                __clzsi2
 .text          0x00004912      0x19e c:/program files/atmel/avr tools/avr toolchain/bin/../lib/gcc/avr/4.4.3/avr5\libgcc.a(_pack_sf.o)
                0x00004912                __pack_f
 .text          0x00004ab0       0xde c:/program files/atmel/avr tools/avr toolchain/bin/../lib/gcc/avr/4.4.3/avr5\libgcc.a(_unpack_sf.o)
                0x00004ab0                __unpack_f
 .text          0x00004b8e       0xbe c:/program files/atmel/avr tools/avr toolchain/bin/../lib/gcc/avr/4.4.3/avr5\libgcc.a(_fpcmp_parts_sf.o)
                0x00004b8e                __fpcmp_parts_f
 .text          0x00004c4c        0x0 c:/program files/atmel/avr tools/avr toolchain/bin/../lib/gcc/avr/4.4.3/avr5\libgcc.a(_clz.o)
 .text          0x00004c4c        0x0 c:/program files/atmel/avr tools/avr toolchain/bin/../lib/gcc/avr/4.4.3/../../../../avr/lib/avr5\libc.a(malloc.o)
 .text          0x00004c4c        0x0 c:/program files/atmel/avr tools/avr toolchain/bin/../lib/gcc/avr/4.4.3/../../../../avr/lib/avr5\libc.a(random.o)
 .text          0x00004c4c        0x0 c:/program files/atmel/avr tools/avr toolchain/bin/../lib/gcc/avr/4.4.3/../../../../avr/lib/avr5\libc.a(realloc.o)
 .text          0x00004c4c        0x0 c:/program files/atmel/avr tools/avr toolchain/bin/../lib/gcc/avr/4.4.3/../../../../avr/lib/avr5\libc.a(atol.o)
 .text          0x00004c4c        0x0 c:/program files/atmel/avr tools/avr toolchain/bin/../lib/gcc/avr/4.4.3/../../../../avr/lib/avr5\libc.a(isspace.o)
 .text          0x00004c4c        0x0 c:/program files/atmel/avr tools/avr toolchain/bin/../lib/gcc/avr/4.4.3/../../../../avr/lib/avr5\libc.a(tolower.o)
 .text          0x00004c4c        0x0 c:/program files/atmel/avr tools/avr toolchain/bin/../lib/gcc/avr/4.4.3/../../../../avr/lib/avr5\libc.a(toupper.o)
 .text          0x00004c4c        0x0 c:/program files/atmel/avr tools/avr toolchain/bin/../lib/gcc/avr/4.4.3/../../../../avr/lib/avr5\libc.a(memcpy.o)
 .text          0x00004c4c        0x0 c:/program files/atmel/avr tools/avr toolchain/bin/../lib/gcc/avr/4.4.3/../../../../avr/lib/avr5\libc.a(strcat.o)
 .text          0x00004c4c        0x0 c:/program files/atmel/avr tools/avr toolchain/bin/../lib/gcc/avr/4.4.3/../../../../avr/lib/avr5\libc.a(strchr.o)
 .text          0x00004c4c        0x0 c:/program files/atmel/avr tools/avr toolchain/bin/../lib/gcc/avr/4.4.3/../../../../avr/lib/avr5\libc.a(strcmp.o)
 .text          0x00004c4c        0x0 c:/program files/atmel/avr tools/avr toolchain/bin/../lib/gcc/avr/4.4.3/../../../../avr/lib/avr5\libc.a(strcpy.o)
 .text          0x00004c4c        0x0 c:/program files/atmel/avr tools/avr toolchain/bin/../lib/gcc/avr/4.4.3/../../../../avr/lib/avr5\libc.a(strncmp.o)
 .text          0x00004c4c        0x0 c:/program files/atmel/avr tools/avr toolchain/bin/../lib/gcc/avr/4.4.3/../../../../avr/lib/avr5\libc.a(strncpy.o)
 .text          0x00004c4c        0x0 c:/program files/atmel/avr tools/avr toolchain/bin/../lib/gcc/avr/4.4.3/../../../../avr/lib/avr5\libc.a(strrchr.o)
 .text          0x00004c4c        0x0 c:/program files/atmel/avr tools/avr toolchain/bin/../lib/gcc/avr/4.4.3/../../../../avr/lib/avr5\libc.a(strstr.o)
 .text          0x00004c4c        0x0 c:/program files/atmel/avr tools/avr toolchain/bin/../lib/gcc/avr/4.4.3/../../../../avr/lib/avr5\libc.a(itoa.o)
 .text          0x00004c4c        0x0 c:/program files/atmel/avr tools/avr toolchain/bin/../lib/gcc/avr/4.4.3/../../../../avr/lib/avr5\libc.a(ltoa.o)
 .text          0x00004c4c        0x0 c:/program files/atmel/avr tools/avr toolchain/bin/../lib/gcc/avr/4.4.3/../../../../avr/lib/avr5\libc.a(mulsi10.o)
 .text          0x00004c4c        0x0 c:/program files/atmel/avr tools/avr toolchain/bin/../lib/gcc/avr/4.4.3/../../../../avr/lib/avr5\libc.a(ultoa.o)
 .text          0x00004c4c        0x0 c:/program files/atmel/avr tools/avr toolchain/bin/../lib/gcc/avr/4.4.3/../../../../avr/lib/avr5\libc.a(eerd_byte_atmega328p.o)
 .text          0x00004c4c        0x0 c:/program files/atmel/avr tools/avr toolchain/bin/../lib/gcc/avr/4.4.3/../../../../avr/lib/avr5\libc.a(eewr_byte_atmega328p.o)
 .text          0x00004c4c        0x0 c:/program files/atmel/avr tools/avr toolchain/bin/../lib/gcc/avr/4.4.3/../../../../avr/lib/avr5\libc.a(cty_isfalse.o)
 .text          0x00004c4c        0x0 c:/program files/atmel/avr tools/avr toolchain/bin/../lib/gcc/avr/4.4.3/../../../../avr/lib/avr5\libc.a(strrev.o)
 .text          0x00004c4c        0x0 c:/program files/atmel/avr tools/avr toolchain/bin/../lib/gcc/avr/4.4.3/avr5\libgcc.a(_udivmodhi4.o)
                0x00004c4c                . = ALIGN (0x2)
 *(.text.*)
 .text.libgcc   0x00004c4c       0x3e c:/program files/atmel/avr tools/avr toolchain/bin/../lib/gcc/avr/4.4.3/avr5\libgcc.a(_mulsi3.o)
                0x00004c4c                __mulsi3
 .text.libgcc   0x00004c8a       0x44 c:/program files/atmel/avr tools/avr toolchain/bin/../lib/gcc/avr/4.4.3/avr5\libgcc.a(_udivmodsi4.o)
                0x00004c8a                __udivmodsi4
 .text.libgcc   0x00004cce       0x36 c:/program files/atmel/avr tools/avr toolchain/bin/../lib/gcc/avr/4.4.3/avr5\libgcc.a(_divmodsi4.o)
                0x00004cce                __divmodsi4
 .text.libgcc   0x00004d04        0x0 c:/program files/atmel/avr tools/avr toolchain/bin/../lib/gcc/avr/4.4.3/avr5\libgcc.a(_exit.o)
 .text.libgcc   0x00004d04        0x0 c:/program files/atmel/avr tools/avr toolchain/bin/../lib/gcc/avr/4.4.3/avr5\libgcc.a(_copy_data.o)
 .text.libgcc   0x00004d04        0x0 c:/program files/atmel/avr tools/avr toolchain/bin/../lib/gcc/avr/4.4.3/avr5\libgcc.a(_clear_bss.o)
 .text.libgcc   0x00004d04        0x0 c:/program files/atmel/avr tools/avr toolchain/bin/../lib/gcc/avr/4.4.3/avr5\libgcc.a(_ctors.o)
 .text.libgcc   0x00004d04       0x38 c:/program files/atmel/avr tools/avr toolchain/bin/../lib/gcc/avr/4.4.3/avr5\libgcc.a(_prologue.o)
                0x00004d04                __prologue_saves__
 .text.libgcc   0x00004d3c       0x36 c:/program files/atmel/avr tools/avr toolchain/bin/../lib/gcc/avr/4.4.3/avr5\libgcc.a(_epilogue.o)
                0x00004d3c                __epilogue_restores__
 .text.libgcc   0x00004d72        0xc c:/program files/atmel/avr tools/avr toolchain/bin/../lib/gcc/avr/4.4.3/avr5\libgcc.a(_tablejump.o)
                0x00004d72                __tablejump2__
                0x00004d76                __tablejump__
 .text.avr-libc
                0x00004d7e      0x272 c:/program files/atmel/avr tools/avr toolchain/bin/../lib/gcc/avr/4.4.3/../../../../avr/lib/avr5\libc.a(malloc.o)
                0x00004d7e                malloc
                0x00004ec2                free
 .text.avr-libc
                0x00004ff0       0xc2 c:/program files/atmel/avr tools/avr toolchain/bin/../lib/gcc/avr/4.4.3/../../../../avr/lib/avr5\libc.a(random.o)
                0x00005090                random_r
                0x00005096                random
                0x000050a0                srandom
 .text.avr-libc
                0x000050b2      0x1a2 c:/program files/atmel/avr tools/avr toolchain/bin/../lib/gcc/avr/4.4.3/../../../../avr/lib/avr5\libc.a(realloc.o)
                0x000050b2                realloc
 .text.avr-libc
                0x00005254       0x4e c:/program files/atmel/avr tools/avr toolchain/bin/../lib/gcc/avr/4.4.3/../../../../avr/lib/avr5\libc.a(atol.o)
                0x00005254                atol
 .text.avr-libc
                0x000052a2       0x10 c:/program files/atmel/avr tools/avr toolchain/bin/../lib/gcc/avr/4.4.3/../../../../avr/lib/avr5\libc.a(isspace.o)
                0x000052a2                isspace
 .text.avr-libc
                0x000052b2       0x10 c:/program files/atmel/avr tools/avr toolchain/bin/../lib/gcc/avr/4.4.3/../../../../avr/lib/avr5\libc.a(tolower.o)
                0x000052b2                tolower
 .text.avr-libc
                0x000052c2       0x10 c:/program files/atmel/avr tools/avr toolchain/bin/../lib/gcc/avr/4.4.3/../../../../avr/lib/avr5\libc.a(toupper.o)
                0x000052c2                toupper
 .text.avr-libc
                0x000052d2       0x12 c:/program files/atmel/avr tools/avr toolchain/bin/../lib/gcc/avr/4.4.3/../../../../avr/lib/avr5\libc.a(memcpy.o)
                0x000052d2                memcpy
 .text.avr-libc
                0x000052e4       0x16 c:/program files/atmel/avr tools/avr toolchain/bin/../lib/gcc/avr/4.4.3/../../../../avr/lib/avr5\libc.a(strcat.o)
                0x000052e4                strcat
 .text.avr-libc
                0x000052fa       0x16 c:/program files/atmel/avr tools/avr toolchain/bin/../lib/gcc/avr/4.4.3/../../../../avr/lib/avr5\libc.a(strchr.o)
                0x000052fa                strchr
 .text.avr-libc
                0x00005310       0x12 c:/program files/atmel/avr tools/avr toolchain/bin/../lib/gcc/avr/4.4.3/../../../../avr/lib/avr5\libc.a(strcmp.o)
                0x00005310                strcmp
 .text.avr-libc
                0x00005322        0xe c:/program files/atmel/avr tools/avr toolchain/bin/../lib/gcc/avr/4.4.3/../../../../avr/lib/avr5\libc.a(strcpy.o)
                0x00005322                strcpy
 .text.avr-libc
                0x00005330       0x1c c:/program files/atmel/avr tools/avr toolchain/bin/../lib/gcc/avr/4.4.3/../../../../avr/lib/avr5\libc.a(strncmp.o)
                0x00005330                strncmp
 .text.avr-libc
                0x0000534c       0x1e c:/program files/atmel/avr tools/avr toolchain/bin/../lib/gcc/avr/4.4.3/../../../../avr/lib/avr5\libc.a(strncpy.o)
                0x0000534c                strncpy
 .text.avr-libc
                0x0000536a       0x16 c:/program files/atmel/avr tools/avr toolchain/bin/../lib/gcc/avr/4.4.3/../../../../avr/lib/avr5\libc.a(strrchr.o)
                0x0000536a                strrchr
 .text.avr-libc
                0x00005380       0x34 c:/program files/atmel/avr tools/avr toolchain/bin/../lib/gcc/avr/4.4.3/../../../../avr/lib/avr5\libc.a(strstr.o)
                0x00005380                strstr
 .text.avr-libc
                0x000053b4       0x42 c:/program files/atmel/avr tools/avr toolchain/bin/../lib/gcc/avr/4.4.3/../../../../avr/lib/avr5\libc.a(itoa.o)
                0x000053b4                itoa
 .text.avr-libc
                0x000053f6       0x68 c:/program files/atmel/avr tools/avr toolchain/bin/../lib/gcc/avr/4.4.3/../../../../avr/lib/avr5\libc.a(ltoa.o)
                0x000053f6                ltoa
 .text.avr-libc
                0x0000545e       0x2a c:/program files/atmel/avr tools/avr toolchain/bin/../lib/gcc/avr/4.4.3/../../../../avr/lib/avr5\libc.a(mulsi10.o)
                0x0000545e                __mulsi_const_10
 .text.avr-libc
                0x00005488       0x4a c:/program files/atmel/avr tools/avr toolchain/bin/../lib/gcc/avr/4.4.3/../../../../avr/lib/avr5\libc.a(ultoa.o)
                0x00005488                ultoa
 .text.avr-libc
                0x000054d2       0x10 c:/program files/atmel/avr tools/avr toolchain/bin/../lib/gcc/avr/4.4.3/../../../../avr/lib/avr5\libc.a(eerd_byte_atmega328p.o)
                0x000054d2                __eerd_byte_m328p
 .text.avr-libc
                0x000054e2       0x1c c:/program files/atmel/avr tools/avr toolchain/bin/../lib/gcc/avr/4.4.3/../../../../avr/lib/avr5\libc.a(eewr_byte_atmega328p.o)
                0x000054e2                __eewr_byte_m328p
                0x000054e4                __eewr_r18_m328p
 .text.avr-libc
                0x000054fe        0x6 c:/program files/atmel/avr tools/avr toolchain/bin/../lib/gcc/avr/4.4.3/../../../../avr/lib/avr5\libc.a(cty_isfalse.o)
                0x000054fe                __ctype_isfalse
                0x00005502                __ctype_istrue
 .text.avr-libc
                0x00005504       0x20 c:/program files/atmel/avr tools/avr toolchain/bin/../lib/gcc/avr/4.4.3/../../../../avr/lib/avr5\libc.a(strrev.o)
                0x00005504                strrev
 .text.libgcc   0x00005524       0x28 c:/program files/atmel/avr tools/avr toolchain/bin/../lib/gcc/avr/4.4.3/avr5\libgcc.a(_udivmodhi4.o)
                0x00005524                __udivmodhi4
                0x0000554c                . = ALIGN (0x2)
 *(.fini9)
 .fini9         0x0000554c        0x0 c:/program files/atmel/avr tools/avr toolchain/bin/../lib/gcc/avr/4.4.3/avr5\libgcc.a(_exit.o)
                0x0000554c                _exit
                0x0000554c                exit
 *(.fini9)
 *(.fini8)
 *(.fini8)
 *(.fini7)
 *(.fini7)
 *(.fini6)
 *(.fini6)
 *(.fini5)
 *(.fini5)
 *(.fini4)
 *(.fini4)
 *(.fini3)
 *(.fini3)
 *(.fini2)
 *(.fini2)
 *(.fini1)
 *(.fini1)
 *(.fini0)
 .fini0         0x0000554c        0x4 c:/program files/atmel/avr tools/avr toolchain/bin/../lib/gcc/avr/4.4.3/avr5\libgcc.a(_exit.o)
 *(.fini0)
                0x00005550                _etext = .

.data           0x00800100      0x156 load address 0x00005550
                0x00800100                PROVIDE (__data_start, .)
 *(.data)
 .data          0x00800100        0x0 c:/program files/atmel/avr tools/avr toolchain/bin/../lib/gcc/avr/4.4.3/../../../../avr/lib/avr5/crtm328p.o
 .data          0x00800100        0x0 main.o
 .data          0x00800100        0x0 pins_arduino.o
 .data          0x00800100        0x0 WInterrupts.o
 .data          0x00800100        0x0 wiring.o
 .data          0x00800100        0x1 wiring_analog.o
                0x00800100                analog_reference
 .data          0x00800101        0x0 wiring_digital.o
 .data          0x00800101        0x0 wiring_pulse.o
 .data          0x00800101        0x0 wiring_shift.o
 .data          0x00800101       0x24 HardwareSerial.o
                0x00800101                vtable for HardwareSerial
                0x00800113                vtable for Stream
 .data          0x00800125        0xc Print.o
                0x00800127                vtable for Print
 .data          0x00800131        0x1 Tone.o
 .data          0x00800132        0x0 WMath.o
 .data          0x00800132        0x1 WString.o
 .data          0x00800133        0x0 cplusplushelper.o
 .data          0x00800133        0x0 Wire.o
 .data          0x00800133        0x0 EEPROM.o
 .data          0x00800133       0x11 AFMotor.o
                0x00800133                microstepcurve
 .data          0x00800144        0x0 twi.o
 .data          0x00800144        0x0 c:/program files/atmel/avr tools/avr toolchain/bin/../lib/gcc/avr/4.4.3/avr5\libgcc.a(_mulsi3.o)
 .data          0x00800144        0x0 c:/program files/atmel/avr tools/avr toolchain/bin/../lib/gcc/avr/4.4.3/avr5\libgcc.a(_udivmodsi4.o)
 .data          0x00800144        0x0 c:/program files/atmel/avr tools/avr toolchain/bin/../lib/gcc/avr/4.4.3/avr5\libgcc.a(_divmodsi4.o)
 .data          0x00800144        0x0 c:/program files/atmel/avr tools/avr toolchain/bin/../lib/gcc/avr/4.4.3/avr5\libgcc.a(_exit.o)
 .data          0x00800144        0x0 c:/program files/atmel/avr tools/avr toolchain/bin/../lib/gcc/avr/4.4.3/avr5\libgcc.a(_copy_data.o)
 .data          0x00800144        0x0 c:/program files/atmel/avr tools/avr toolchain/bin/../lib/gcc/avr/4.4.3/avr5\libgcc.a(_clear_bss.o)
 .data          0x00800144        0x0 c:/program files/atmel/avr tools/avr toolchain/bin/../lib/gcc/avr/4.4.3/avr5\libgcc.a(_ctors.o)
 .data          0x00800144        0x0 c:/program files/atmel/avr tools/avr toolchain/bin/../lib/gcc/avr/4.4.3/avr5\libgcc.a(_fixunssfsi.o)
 .data          0x00800144        0x0 c:/program files/atmel/avr tools/avr toolchain/bin/../lib/gcc/avr/4.4.3/avr5\libgcc.a(_addsub_sf.o)
 .data          0x00800144        0x0 c:/program files/atmel/avr tools/avr toolchain/bin/../lib/gcc/avr/4.4.3/avr5\libgcc.a(_mul_sf.o)
 .data          0x00800144        0x0 c:/program files/atmel/avr tools/avr toolchain/bin/../lib/gcc/avr/4.4.3/avr5\libgcc.a(_div_sf.o)
 .data          0x00800144        0x0 c:/program files/atmel/avr tools/avr toolchain/bin/../lib/gcc/avr/4.4.3/avr5\libgcc.a(_ge_sf.o)
 .data          0x00800144        0x0 c:/program files/atmel/avr tools/avr toolchain/bin/../lib/gcc/avr/4.4.3/avr5\libgcc.a(_lt_sf.o)
 .data          0x00800144        0x0 c:/program files/atmel/avr tools/avr toolchain/bin/../lib/gcc/avr/4.4.3/avr5\libgcc.a(_si_to_sf.o)
 .data          0x00800144        0x0 c:/program files/atmel/avr tools/avr toolchain/bin/../lib/gcc/avr/4.4.3/avr5\libgcc.a(_sf_to_si.o)
 .data          0x00800144        0x8 c:/program files/atmel/avr tools/avr toolchain/bin/../lib/gcc/avr/4.4.3/avr5\libgcc.a(_thenan_sf.o)
                0x00800144                __thenan_sf
 .data          0x0080014c        0x0 c:/program files/atmel/avr tools/avr toolchain/bin/../lib/gcc/avr/4.4.3/avr5\libgcc.a(_usi_to_sf.o)
 .data          0x0080014c        0x0 c:/program files/atmel/avr tools/avr toolchain/bin/../lib/gcc/avr/4.4.3/avr5\libgcc.a(_prologue.o)
 .data          0x0080014c        0x0 c:/program files/atmel/avr tools/avr toolchain/bin/../lib/gcc/avr/4.4.3/avr5\libgcc.a(_epilogue.o)
 .data          0x0080014c        0x0 c:/program files/atmel/avr tools/avr toolchain/bin/../lib/gcc/avr/4.4.3/avr5\libgcc.a(_tablejump.o)
 .data          0x0080014c        0x0 c:/program files/atmel/avr tools/avr toolchain/bin/../lib/gcc/avr/4.4.3/avr5\libgcc.a(_clzsi2.o)
 .data          0x0080014c        0x0 c:/program files/atmel/avr tools/avr toolchain/bin/../lib/gcc/avr/4.4.3/avr5\libgcc.a(_pack_sf.o)
 .data          0x0080014c        0x0 c:/program files/atmel/avr tools/avr toolchain/bin/../lib/gcc/avr/4.4.3/avr5\libgcc.a(_unpack_sf.o)
 .data          0x0080014c        0x0 c:/program files/atmel/avr tools/avr toolchain/bin/../lib/gcc/avr/4.4.3/avr5\libgcc.a(_fpcmp_parts_sf.o)
 .data          0x0080014c      0x100 c:/program files/atmel/avr tools/avr toolchain/bin/../lib/gcc/avr/4.4.3/avr5\libgcc.a(_clz.o)
                0x0080014c                __clz_tab
 .data          0x0080024c        0x6 c:/program files/atmel/avr tools/avr toolchain/bin/../lib/gcc/avr/4.4.3/../../../../avr/lib/avr5\libc.a(malloc.o)
                0x0080024c                __malloc_margin
                0x0080024e                __malloc_heap_start
                0x00800250                __malloc_heap_end
 .data          0x00800252        0x4 c:/program files/atmel/avr tools/avr toolchain/bin/../lib/gcc/avr/4.4.3/../../../../avr/lib/avr5\libc.a(random.o)
 .data          0x00800256        0x0 c:/program files/atmel/avr tools/avr toolchain/bin/../lib/gcc/avr/4.4.3/../../../../avr/lib/avr5\libc.a(realloc.o)
 .data          0x00800256        0x0 c:/program files/atmel/avr tools/avr toolchain/bin/../lib/gcc/avr/4.4.3/../../../../avr/lib/avr5\libc.a(atol.o)
 .data          0x00800256        0x0 c:/program files/atmel/avr tools/avr toolchain/bin/../lib/gcc/avr/4.4.3/../../../../avr/lib/avr5\libc.a(isspace.o)
 .data          0x00800256        0x0 c:/program files/atmel/avr tools/avr toolchain/bin/../lib/gcc/avr/4.4.3/../../../../avr/lib/avr5\libc.a(tolower.o)
 .data          0x00800256        0x0 c:/program files/atmel/avr tools/avr toolchain/bin/../lib/gcc/avr/4.4.3/../../../../avr/lib/avr5\libc.a(toupper.o)
 .data          0x00800256        0x0 c:/program files/atmel/avr tools/avr toolchain/bin/../lib/gcc/avr/4.4.3/../../../../avr/lib/avr5\libc.a(memcpy.o)
 .data          0x00800256        0x0 c:/program files/atmel/avr tools/avr toolchain/bin/../lib/gcc/avr/4.4.3/../../../../avr/lib/avr5\libc.a(strcat.o)
 .data          0x00800256        0x0 c:/program files/atmel/avr tools/avr toolchain/bin/../lib/gcc/avr/4.4.3/../../../../avr/lib/avr5\libc.a(strchr.o)
 .data          0x00800256        0x0 c:/program files/atmel/avr tools/avr toolchain/bin/../lib/gcc/avr/4.4.3/../../../../avr/lib/avr5\libc.a(strcmp.o)
 .data          0x00800256        0x0 c:/program files/atmel/avr tools/avr toolchain/bin/../lib/gcc/avr/4.4.3/../../../../avr/lib/avr5\libc.a(strcpy.o)
 .data          0x00800256        0x0 c:/program files/atmel/avr tools/avr toolchain/bin/../lib/gcc/avr/4.4.3/../../../../avr/lib/avr5\libc.a(strncmp.o)
 .data          0x00800256        0x0 c:/program files/atmel/avr tools/avr toolchain/bin/../lib/gcc/avr/4.4.3/../../../../avr/lib/avr5\libc.a(strncpy.o)
 .data          0x00800256        0x0 c:/program files/atmel/avr tools/avr toolchain/bin/../lib/gcc/avr/4.4.3/../../../../avr/lib/avr5\libc.a(strrchr.o)
 .data          0x00800256        0x0 c:/program files/atmel/avr tools/avr toolchain/bin/../lib/gcc/avr/4.4.3/../../../../avr/lib/avr5\libc.a(strstr.o)
 .data          0x00800256        0x0 c:/program files/atmel/avr tools/avr toolchain/bin/../lib/gcc/avr/4.4.3/../../../../avr/lib/avr5\libc.a(itoa.o)
 .data          0x00800256        0x0 c:/program files/atmel/avr tools/avr toolchain/bin/../lib/gcc/avr/4.4.3/../../../../avr/lib/avr5\libc.a(ltoa.o)
 .data          0x00800256        0x0 c:/program files/atmel/avr tools/avr toolchain/bin/../lib/gcc/avr/4.4.3/../../../../avr/lib/avr5\libc.a(mulsi10.o)
 .data          0x00800256        0x0 c:/program files/atmel/avr tools/avr toolchain/bin/../lib/gcc/avr/4.4.3/../../../../avr/lib/avr5\libc.a(ultoa.o)
 .data          0x00800256        0x0 c:/program files/atmel/avr tools/avr toolchain/bin/../lib/gcc/avr/4.4.3/../../../../avr/lib/avr5\libc.a(eerd_byte_atmega328p.o)
 .data          0x00800256        0x0 c:/program files/atmel/avr tools/avr toolchain/bin/../lib/gcc/avr/4.4.3/../../../../avr/lib/avr5\libc.a(eewr_byte_atmega328p.o)
 .data          0x00800256        0x0 c:/program files/atmel/avr tools/avr toolchain/bin/../lib/gcc/avr/4.4.3/../../../../avr/lib/avr5\libc.a(cty_isfalse.o)
 .data          0x00800256        0x0 c:/program files/atmel/avr tools/avr toolchain/bin/../lib/gcc/avr/4.4.3/../../../../avr/lib/avr5\libc.a(strrev.o)
 .data          0x00800256        0x0 c:/program files/atmel/avr tools/avr toolchain/bin/../lib/gcc/avr/4.4.3/avr5\libgcc.a(_udivmodhi4.o)
 *(.data*)
 *(.rodata)
 *(.rodata*)
 *(.gnu.linkonce.d*)
                0x00800256                . = ALIGN (0x2)
                0x00800256                _edata = .
                0x00800256                PROVIDE (__data_end, .)

.bss            0x00800256      0x178
                0x00800256                PROVIDE (__bss_start, .)
 *(.bss)
 .bss           0x00800256        0x0 c:/program files/atmel/avr tools/avr toolchain/bin/../lib/gcc/avr/4.4.3/../../../../avr/lib/avr5/crtm328p.o
 .bss           0x00800256        0x2 main.o
                0x00800256                EEPROM
                0x00800257                Wire
 .bss           0x00800258        0x0 pins_arduino.o
 .bss           0x00800258        0x4 WInterrupts.o
 .bss           0x0080025c        0x9 wiring.o
                0x0080025c                timer0_overflow_count
                0x00800260                timer0_millis
 .bss           0x00800265        0x0 wiring_analog.o
 .bss           0x00800265        0x0 wiring_digital.o
 .bss           0x00800265        0x0 wiring_pulse.o
 .bss           0x00800265        0x0 wiring_shift.o
 .bss           0x00800265       0x97 HardwareSerial.o
                0x00800265                rx_buffer
                0x008002e9                Serial
 .bss           0x008002fc        0x0 Print.o
 .bss           0x008002fc       0x15 Tone.o
                0x008002fc                timer0_toggle_count
                0x00800300                timer0_pin_port
                0x00800302                timer0_pin_mask
                0x00800303                timer1_toggle_count
                0x00800307                timer1_pin_port
                0x00800309                timer1_pin_mask
                0x0080030a                timer2_toggle_count
                0x0080030e                timer2_pin_port
                0x00800310                timer2_pin_mask
 .bss           0x00800311        0x0 WMath.o
 .bss           0x00800311        0x1 WString.o
 .bss           0x00800312        0x0 cplusplushelper.o
 .bss           0x00800312       0x4a Wire.o
                0x00800312                TwoWire::rxBuffer
                0x00800332                TwoWire::rxBufferIndex
                0x00800333                TwoWire::rxBufferLength
                0x00800334                TwoWire::txAddress
                0x00800335                TwoWire::txBuffer
                0x00800355                TwoWire::txBufferIndex
                0x00800356                TwoWire::txBufferLength
                0x00800357                TwoWire::transmitting
                0x00800358                TwoWire::user_onRequest
                0x0080035a                TwoWire::user_onReceive
 .bss           0x0080035c        0x0 EEPROM.o
 .bss           0x0080035c        0x2 AFMotor.o
 .bss           0x0080035e       0x6c twi.o
 .bss           0x008003ca        0x0 c:/program files/atmel/avr tools/avr toolchain/bin/../lib/gcc/avr/4.4.3/avr5\libgcc.a(_mulsi3.o)
 .bss           0x008003ca        0x0 c:/program files/atmel/avr tools/avr toolchain/bin/../lib/gcc/avr/4.4.3/avr5\libgcc.a(_udivmodsi4.o)
 .bss           0x008003ca        0x0 c:/program files/atmel/avr tools/avr toolchain/bin/../lib/gcc/avr/4.4.3/avr5\libgcc.a(_divmodsi4.o)
 .bss           0x008003ca        0x0 c:/program files/atmel/avr tools/avr toolchain/bin/../lib/gcc/avr/4.4.3/avr5\libgcc.a(_exit.o)
 .bss           0x008003ca        0x0 c:/program files/atmel/avr tools/avr toolchain/bin/../lib/gcc/avr/4.4.3/avr5\libgcc.a(_copy_data.o)
 .bss           0x008003ca        0x0 c:/program files/atmel/avr tools/avr toolchain/bin/../lib/gcc/avr/4.4.3/avr5\libgcc.a(_clear_bss.o)
 .bss           0x008003ca        0x0 c:/program files/atmel/avr tools/avr toolchain/bin/../lib/gcc/avr/4.4.3/avr5\libgcc.a(_ctors.o)
 .bss           0x008003ca        0x0 c:/program files/atmel/avr tools/avr toolchain/bin/../lib/gcc/avr/4.4.3/avr5\libgcc.a(_fixunssfsi.o)
 .bss           0x008003ca        0x0 c:/program files/atmel/avr tools/avr toolchain/bin/../lib/gcc/avr/4.4.3/avr5\libgcc.a(_addsub_sf.o)
 .bss           0x008003ca        0x0 c:/program files/atmel/avr tools/avr toolchain/bin/../lib/gcc/avr/4.4.3/avr5\libgcc.a(_mul_sf.o)
 .bss           0x008003ca        0x0 c:/program files/atmel/avr tools/avr toolchain/bin/../lib/gcc/avr/4.4.3/avr5\libgcc.a(_div_sf.o)
 .bss           0x008003ca        0x0 c:/program files/atmel/avr tools/avr toolchain/bin/../lib/gcc/avr/4.4.3/avr5\libgcc.a(_ge_sf.o)
 .bss           0x008003ca        0x0 c:/program files/atmel/avr tools/avr toolchain/bin/../lib/gcc/avr/4.4.3/avr5\libgcc.a(_lt_sf.o)
 .bss           0x008003ca        0x0 c:/program files/atmel/avr tools/avr toolchain/bin/../lib/gcc/avr/4.4.3/avr5\libgcc.a(_si_to_sf.o)
 .bss           0x008003ca        0x0 c:/program files/atmel/avr tools/avr toolchain/bin/../lib/gcc/avr/4.4.3/avr5\libgcc.a(_sf_to_si.o)
 .bss           0x008003ca        0x0 c:/program files/atmel/avr tools/avr toolchain/bin/../lib/gcc/avr/4.4.3/avr5\libgcc.a(_thenan_sf.o)
 .bss           0x008003ca        0x0 c:/program files/atmel/avr tools/avr toolchain/bin/../lib/gcc/avr/4.4.3/avr5\libgcc.a(_usi_to_sf.o)
 .bss           0x008003ca        0x0 c:/program files/atmel/avr tools/avr toolchain/bin/../lib/gcc/avr/4.4.3/avr5\libgcc.a(_prologue.o)
 .bss           0x008003ca        0x0 c:/program files/atmel/avr tools/avr toolchain/bin/../lib/gcc/avr/4.4.3/avr5\libgcc.a(_epilogue.o)
 .bss           0x008003ca        0x0 c:/program files/atmel/avr tools/avr toolchain/bin/../lib/gcc/avr/4.4.3/avr5\libgcc.a(_tablejump.o)
 .bss           0x008003ca        0x0 c:/program files/atmel/avr tools/avr toolchain/bin/../lib/gcc/avr/4.4.3/avr5\libgcc.a(_clzsi2.o)
 .bss           0x008003ca        0x0 c:/program files/atmel/avr tools/avr toolchain/bin/../lib/gcc/avr/4.4.3/avr5\libgcc.a(_pack_sf.o)
 .bss           0x008003ca        0x0 c:/program files/atmel/avr tools/avr toolchain/bin/../lib/gcc/avr/4.4.3/avr5\libgcc.a(_unpack_sf.o)
 .bss           0x008003ca        0x0 c:/program files/atmel/avr tools/avr toolchain/bin/../lib/gcc/avr/4.4.3/avr5\libgcc.a(_fpcmp_parts_sf.o)
 .bss           0x008003ca        0x0 c:/program files/atmel/avr tools/avr toolchain/bin/../lib/gcc/avr/4.4.3/avr5\libgcc.a(_clz.o)
 .bss           0x008003ca        0x0 c:/program files/atmel/avr tools/avr toolchain/bin/../lib/gcc/avr/4.4.3/../../../../avr/lib/avr5\libc.a(malloc.o)
 .bss           0x008003ca        0x0 c:/program files/atmel/avr tools/avr toolchain/bin/../lib/gcc/avr/4.4.3/../../../../avr/lib/avr5\libc.a(random.o)
 .bss           0x008003ca        0x0 c:/program files/atmel/avr tools/avr toolchain/bin/../lib/gcc/avr/4.4.3/../../../../avr/lib/avr5\libc.a(realloc.o)
 .bss           0x008003ca        0x0 c:/program files/atmel/avr tools/avr toolchain/bin/../lib/gcc/avr/4.4.3/../../../../avr/lib/avr5\libc.a(atol.o)
 .bss           0x008003ca        0x0 c:/program files/atmel/avr tools/avr toolchain/bin/../lib/gcc/avr/4.4.3/../../../../avr/lib/avr5\libc.a(isspace.o)
 .bss           0x008003ca        0x0 c:/program files/atmel/avr tools/avr toolchain/bin/../lib/gcc/avr/4.4.3/../../../../avr/lib/avr5\libc.a(tolower.o)
 .bss           0x008003ca        0x0 c:/program files/atmel/avr tools/avr toolchain/bin/../lib/gcc/avr/4.4.3/../../../../avr/lib/avr5\libc.a(toupper.o)
 .bss           0x008003ca        0x0 c:/program files/atmel/avr tools/avr toolchain/bin/../lib/gcc/avr/4.4.3/../../../../avr/lib/avr5\libc.a(memcpy.o)
 .bss           0x008003ca        0x0 c:/program files/atmel/avr tools/avr toolchain/bin/../lib/gcc/avr/4.4.3/../../../../avr/lib/avr5\libc.a(strcat.o)
 .bss           0x008003ca        0x0 c:/program files/atmel/avr tools/avr toolchain/bin/../lib/gcc/avr/4.4.3/../../../../avr/lib/avr5\libc.a(strchr.o)
 .bss           0x008003ca        0x0 c:/program files/atmel/avr tools/avr toolchain/bin/../lib/gcc/avr/4.4.3/../../../../avr/lib/avr5\libc.a(strcmp.o)
 .bss           0x008003ca        0x0 c:/program files/atmel/avr tools/avr toolchain/bin/../lib/gcc/avr/4.4.3/../../../../avr/lib/avr5\libc.a(strcpy.o)
 .bss           0x008003ca        0x0 c:/program files/atmel/avr tools/avr toolchain/bin/../lib/gcc/avr/4.4.3/../../../../avr/lib/avr5\libc.a(strncmp.o)
 .bss           0x008003ca        0x0 c:/program files/atmel/avr tools/avr toolchain/bin/../lib/gcc/avr/4.4.3/../../../../avr/lib/avr5\libc.a(strncpy.o)
 .bss           0x008003ca        0x0 c:/program files/atmel/avr tools/avr toolchain/bin/../lib/gcc/avr/4.4.3/../../../../avr/lib/avr5\libc.a(strrchr.o)
 .bss           0x008003ca        0x0 c:/program files/atmel/avr tools/avr toolchain/bin/../lib/gcc/avr/4.4.3/../../../../avr/lib/avr5\libc.a(strstr.o)
 .bss           0x008003ca        0x0 c:/program files/atmel/avr tools/avr toolchain/bin/../lib/gcc/avr/4.4.3/../../../../avr/lib/avr5\libc.a(itoa.o)
 .bss           0x008003ca        0x0 c:/program files/atmel/avr tools/avr toolchain/bin/../lib/gcc/avr/4.4.3/../../../../avr/lib/avr5\libc.a(ltoa.o)
 .bss           0x008003ca        0x0 c:/program files/atmel/avr tools/avr toolchain/bin/../lib/gcc/avr/4.4.3/../../../../avr/lib/avr5\libc.a(mulsi10.o)
 .bss           0x008003ca        0x0 c:/program files/atmel/avr tools/avr toolchain/bin/../lib/gcc/avr/4.4.3/../../../../avr/lib/avr5\libc.a(ultoa.o)
 .bss           0x008003ca        0x0 c:/program files/atmel/avr tools/avr toolchain/bin/../lib/gcc/avr/4.4.3/../../../../avr/lib/avr5\libc.a(eerd_byte_atmega328p.o)
 .bss           0x008003ca        0x0 c:/program files/atmel/avr tools/avr toolchain/bin/../lib/gcc/avr/4.4.3/../../../../avr/lib/avr5\libc.a(eewr_byte_atmega328p.o)
 .bss           0x008003ca        0x0 c:/program files/atmel/avr tools/avr toolchain/bin/../lib/gcc/avr/4.4.3/../../../../avr/lib/avr5\libc.a(cty_isfalse.o)
 .bss           0x008003ca        0x0 c:/program files/atmel/avr tools/avr toolchain/bin/../lib/gcc/avr/4.4.3/../../../../avr/lib/avr5\libc.a(strrev.o)
 .bss           0x008003ca        0x0 c:/program files/atmel/avr tools/avr toolchain/bin/../lib/gcc/avr/4.4.3/avr5\libgcc.a(_udivmodhi4.o)
 *(.bss*)
 *(COMMON)
 COMMON         0x008003ca        0x4 c:/program files/atmel/avr tools/avr toolchain/bin/../lib/gcc/avr/4.4.3/../../../../avr/lib/avr5\libc.a(malloc.o)
                0x008003ca                __brkval
                0x008003cc                __flp
                0x008003ce                PROVIDE (__bss_end, .)
                0x00005550                __data_load_start = LOADADDR (.data)
                0x000056a6                __data_load_end = (__data_load_start + SIZEOF (.data))

.noinit         0x008003ce        0x0
                0x008003ce                PROVIDE (__noinit_start, .)
 *(.noinit*)
                0x008003ce                PROVIDE (__noinit_end, .)
                0x008003ce                _end = .
                0x008003ce                PROVIDE (__heap_start, .)

.eeprom         0x00810000        0x0
 *(.eeprom*)
                0x00810000                __eeprom_end = .

.fuse
 *(.fuse)
 *(.lfuse)
 *(.hfuse)
 *(.efuse)

.lock
 *(.lock*)

.signature
 *(.signature*)

.stab           0x00000000     0x1a88
 *(.stab)
 .stab          0x00000000      0x6cc c:/program files/atmel/avr tools/avr toolchain/bin/../lib/gcc/avr/4.4.3/../../../../avr/lib/avr5/crtm328p.o
 .stab          0x000006cc      0x1e0 c:/program files/atmel/avr tools/avr toolchain/bin/../lib/gcc/avr/4.4.3/../../../../avr/lib/avr5\libc.a(atol.o)
                                0x1ec (size before relaxing)
 .stab          0x000008ac       0x9c c:/program files/atmel/avr tools/avr toolchain/bin/../lib/gcc/avr/4.4.3/../../../../avr/lib/avr5\libc.a(isspace.o)
                                 0xa8 (size before relaxing)
 .stab          0x00000948       0x9c c:/program files/atmel/avr tools/avr toolchain/bin/../lib/gcc/avr/4.4.3/../../../../avr/lib/avr5\libc.a(tolower.o)
                                 0xa8 (size before relaxing)
 .stab          0x000009e4       0x9c c:/program files/atmel/avr tools/avr toolchain/bin/../lib/gcc/avr/4.4.3/../../../../avr/lib/avr5\libc.a(toupper.o)
                                 0xa8 (size before relaxing)
 .stab          0x00000a80       0x84 c:/program files/atmel/avr tools/avr toolchain/bin/../lib/gcc/avr/4.4.3/../../../../avr/lib/avr5\libc.a(memcpy.o)
                                 0x90 (size before relaxing)
 .stab          0x00000b04       0x9c c:/program files/atmel/avr tools/avr toolchain/bin/../lib/gcc/avr/4.4.3/../../../../avr/lib/avr5\libc.a(strcat.o)
                                 0xa8 (size before relaxing)
 .stab          0x00000ba0       0x9c c:/program files/atmel/avr tools/avr toolchain/bin/../lib/gcc/avr/4.4.3/../../../../avr/lib/avr5\libc.a(strchr.o)
                                 0xa8 (size before relaxing)
 .stab          0x00000c3c       0x84 c:/program files/atmel/avr tools/avr toolchain/bin/../lib/gcc/avr/4.4.3/../../../../avr/lib/avr5\libc.a(strcmp.o)
                                 0x90 (size before relaxing)
 .stab          0x00000cc0       0x6c c:/program files/atmel/avr tools/avr toolchain/bin/../lib/gcc/avr/4.4.3/../../../../avr/lib/avr5\libc.a(strcpy.o)
                                 0x78 (size before relaxing)
 .stab          0x00000d2c       0xc0 c:/program files/atmel/avr tools/avr toolchain/bin/../lib/gcc/avr/4.4.3/../../../../avr/lib/avr5\libc.a(strncmp.o)
                                 0xcc (size before relaxing)
 .stab          0x00000dec       0xcc c:/program files/atmel/avr tools/avr toolchain/bin/../lib/gcc/avr/4.4.3/../../../../avr/lib/avr5\libc.a(strncpy.o)
                                 0xd8 (size before relaxing)
 .stab          0x00000eb8       0x9c c:/program files/atmel/avr tools/avr toolchain/bin/../lib/gcc/avr/4.4.3/../../../../avr/lib/avr5\libc.a(strrchr.o)
                                 0xa8 (size before relaxing)
 .stab          0x00000f54      0x150 c:/program files/atmel/avr tools/avr toolchain/bin/../lib/gcc/avr/4.4.3/../../../../avr/lib/avr5\libc.a(strstr.o)
                                0x15c (size before relaxing)
 .stab          0x000010a4      0x1b0 c:/program files/atmel/avr tools/avr toolchain/bin/../lib/gcc/avr/4.4.3/../../../../avr/lib/avr5\libc.a(itoa.o)
                                0x1bc (size before relaxing)
 .stab          0x00001254      0x294 c:/program files/atmel/avr tools/avr toolchain/bin/../lib/gcc/avr/4.4.3/../../../../avr/lib/avr5\libc.a(ltoa.o)
                                0x2a0 (size before relaxing)
 .stab          0x000014e8      0x114 c:/program files/atmel/avr tools/avr toolchain/bin/../lib/gcc/avr/4.4.3/../../../../avr/lib/avr5\libc.a(mulsi10.o)
                                0x120 (size before relaxing)
 .stab          0x000015fc      0x1e0 c:/program files/atmel/avr tools/avr toolchain/bin/../lib/gcc/avr/4.4.3/../../../../avr/lib/avr5\libc.a(ultoa.o)
                                0x1ec (size before relaxing)
 .stab          0x000017dc       0x90 c:/program files/atmel/avr tools/avr toolchain/bin/../lib/gcc/avr/4.4.3/../../../../avr/lib/avr5\libc.a(eerd_byte_atmega328p.o)
                                 0x9c (size before relaxing)
 .stab          0x0000186c       0xe4 c:/program files/atmel/avr tools/avr toolchain/bin/../lib/gcc/avr/4.4.3/../../../../avr/lib/avr5\libc.a(eewr_byte_atmega328p.o)
                                 0xf0 (size before relaxing)
 .stab          0x00001950       0x60 c:/program files/atmel/avr tools/avr toolchain/bin/../lib/gcc/avr/4.4.3/../../../../avr/lib/avr5\libc.a(cty_isfalse.o)
                                 0x6c (size before relaxing)
 .stab          0x000019b0       0xd8 c:/program files/atmel/avr tools/avr toolchain/bin/../lib/gcc/avr/4.4.3/../../../../avr/lib/avr5\libc.a(strrev.o)
                                 0xe4 (size before relaxing)

.stabstr        0x00000000      0x7dc
 *(.stabstr)
 .stabstr       0x00000000      0x7dc c:/program files/atmel/avr tools/avr toolchain/bin/../lib/gcc/avr/4.4.3/../../../../avr/lib/avr5/crtm328p.o

.stab.excl
 *(.stab.excl)

.stab.exclstr
 *(.stab.exclstr)

.stab.index
 *(.stab.index)

.stab.indexstr
 *(.stab.indexstr)

.comment
 *(.comment)

.debug
 *(.debug)

.line
 *(.line)

.debug_srcinfo
 *(.debug_srcinfo)

.debug_sfnames
 *(.debug_sfnames)

.debug_aranges  0x00000000      0x440
 *(.debug_aranges)
 .debug_aranges
                0x00000000       0x20 main.o
 .debug_aranges
                0x00000020       0x20 WInterrupts.o
 .debug_aranges
                0x00000040       0x20 wiring.o
 .debug_aranges
                0x00000060       0x20 wiring_analog.o
 .debug_aranges
                0x00000080       0x20 wiring_digital.o
 .debug_aranges
                0x000000a0       0x20 wiring_pulse.o
 .debug_aranges
                0x000000c0       0x20 wiring_shift.o
 .debug_aranges
                0x000000e0       0x20 HardwareSerial.o
 .debug_aranges
                0x00000100       0x20 Print.o
 .debug_aranges
                0x00000120       0x20 Tone.o
 .debug_aranges
                0x00000140       0x20 WMath.o
 .debug_aranges
                0x00000160       0x20 WString.o
 .debug_aranges
                0x00000180       0x20 cplusplushelper.o
 .debug_aranges
                0x000001a0       0x20 Wire.o
 .debug_aranges
                0x000001c0       0x20 EEPROM.o
 .debug_aranges
                0x000001e0       0x20 AFMotor.o
 .debug_aranges
                0x00000200       0x20 twi.o
 .debug_aranges
                0x00000220       0x20 c:/program files/atmel/avr tools/avr toolchain/bin/../lib/gcc/avr/4.4.3/avr5\libgcc.a(_fixunssfsi.o)
 .debug_aranges
                0x00000240       0x20 c:/program files/atmel/avr tools/avr toolchain/bin/../lib/gcc/avr/4.4.3/avr5\libgcc.a(_addsub_sf.o)
 .debug_aranges
                0x00000260       0x20 c:/program files/atmel/avr tools/avr toolchain/bin/../lib/gcc/avr/4.4.3/avr5\libgcc.a(_mul_sf.o)
 .debug_aranges
                0x00000280       0x20 c:/program files/atmel/avr tools/avr toolchain/bin/../lib/gcc/avr/4.4.3/avr5\libgcc.a(_div_sf.o)
 .debug_aranges
                0x000002a0       0x20 c:/program files/atmel/avr tools/avr toolchain/bin/../lib/gcc/avr/4.4.3/avr5\libgcc.a(_ge_sf.o)
 .debug_aranges
                0x000002c0       0x20 c:/program files/atmel/avr tools/avr toolchain/bin/../lib/gcc/avr/4.4.3/avr5\libgcc.a(_lt_sf.o)
 .debug_aranges
                0x000002e0       0x20 c:/program files/atmel/avr tools/avr toolchain/bin/../lib/gcc/avr/4.4.3/avr5\libgcc.a(_si_to_sf.o)
 .debug_aranges
                0x00000300       0x20 c:/program files/atmel/avr tools/avr toolchain/bin/../lib/gcc/avr/4.4.3/avr5\libgcc.a(_sf_to_si.o)
 .debug_aranges
                0x00000320       0x20 c:/program files/atmel/avr tools/avr toolchain/bin/../lib/gcc/avr/4.4.3/avr5\libgcc.a(_usi_to_sf.o)
 .debug_aranges
                0x00000340       0x20 c:/program files/atmel/avr tools/avr toolchain/bin/../lib/gcc/avr/4.4.3/avr5\libgcc.a(_clzsi2.o)
 .debug_aranges
                0x00000360       0x20 c:/program files/atmel/avr tools/avr toolchain/bin/../lib/gcc/avr/4.4.3/avr5\libgcc.a(_pack_sf.o)
 .debug_aranges
                0x00000380       0x20 c:/program files/atmel/avr tools/avr toolchain/bin/../lib/gcc/avr/4.4.3/avr5\libgcc.a(_unpack_sf.o)
 .debug_aranges
                0x000003a0       0x20 c:/program files/atmel/avr tools/avr toolchain/bin/../lib/gcc/avr/4.4.3/avr5\libgcc.a(_fpcmp_parts_sf.o)
 .debug_aranges
                0x000003c0       0x28 c:/program files/atmel/avr tools/avr toolchain/bin/../lib/gcc/avr/4.4.3/../../../../avr/lib/avr5\libc.a(malloc.o)
 .debug_aranges
                0x000003e8       0x38 c:/program files/atmel/avr tools/avr toolchain/bin/../lib/gcc/avr/4.4.3/../../../../avr/lib/avr5\libc.a(random.o)
 .debug_aranges
                0x00000420       0x20 c:/program files/atmel/avr tools/avr toolchain/bin/../lib/gcc/avr/4.4.3/../../../../avr/lib/avr5\libc.a(realloc.o)

.debug_pubnames
                0x00000000     0x1462
 *(.debug_pubnames)
 .debug_pubnames
                0x00000000       0x2f main.o
 .debug_pubnames
                0x0000002f       0xad pins_arduino.o
 .debug_pubnames
                0x000000dc       0x58 WInterrupts.o
 .debug_pubnames
                0x00000134       0x8d wiring.o
 .debug_pubnames
                0x000001c1       0x5a wiring_analog.o
 .debug_pubnames
                0x0000021b       0x3f wiring_digital.o
 .debug_pubnames
                0x0000025a       0x1e wiring_pulse.o
 .debug_pubnames
                0x00000278       0x2b wiring_shift.o
 .debug_pubnames
                0x000002a3      0x137 HardwareSerial.o
 .debug_pubnames
                0x000003da      0x1b8 Print.o
 .debug_pubnames
                0x00000592      0x106 Tone.o
 .debug_pubnames
                0x00000698       0x59 WMath.o
 .debug_pubnames
                0x000006f1      0x46e WString.o
 .debug_pubnames
                0x00000b5f       0x94 cplusplushelper.o
 .debug_pubnames
                0x00000bf3      0x2e3 Wire.o
 .debug_pubnames
                0x00000ed6       0x3f EEPROM.o
 .debug_pubnames
                0x00000f15      0x1ac AFMotor.o
 .debug_pubnames
                0x000010c1       0xd8 twi.o
 .debug_pubnames
                0x00001199       0x23 c:/program files/atmel/avr tools/avr toolchain/bin/../lib/gcc/avr/4.4.3/avr5\libgcc.a(_fixunssfsi.o)
 .debug_pubnames
                0x000011bc       0x2c c:/program files/atmel/avr tools/avr toolchain/bin/../lib/gcc/avr/4.4.3/avr5\libgcc.a(_addsub_sf.o)
 .debug_pubnames
                0x000011e8       0x1f c:/program files/atmel/avr tools/avr toolchain/bin/../lib/gcc/avr/4.4.3/avr5\libgcc.a(_mul_sf.o)
 .debug_pubnames
                0x00001207       0x1f c:/program files/atmel/avr tools/avr toolchain/bin/../lib/gcc/avr/4.4.3/avr5\libgcc.a(_div_sf.o)
 .debug_pubnames
                0x00001226       0x1e c:/program files/atmel/avr tools/avr toolchain/bin/../lib/gcc/avr/4.4.3/avr5\libgcc.a(_ge_sf.o)
 .debug_pubnames
                0x00001244       0x1e c:/program files/atmel/avr tools/avr toolchain/bin/../lib/gcc/avr/4.4.3/avr5\libgcc.a(_lt_sf.o)
 .debug_pubnames
                0x00001262       0x22 c:/program files/atmel/avr tools/avr toolchain/bin/../lib/gcc/avr/4.4.3/avr5\libgcc.a(_si_to_sf.o)
 .debug_pubnames
                0x00001284       0x20 c:/program files/atmel/avr tools/avr toolchain/bin/../lib/gcc/avr/4.4.3/avr5\libgcc.a(_sf_to_si.o)
 .debug_pubnames
                0x000012a4       0x22 c:/program files/atmel/avr tools/avr toolchain/bin/../lib/gcc/avr/4.4.3/avr5\libgcc.a(_thenan_sf.o)
 .debug_pubnames
                0x000012c6       0x24 c:/program files/atmel/avr tools/avr toolchain/bin/../lib/gcc/avr/4.4.3/avr5\libgcc.a(_usi_to_sf.o)
 .debug_pubnames
                0x000012ea       0x1f c:/program files/atmel/avr tools/avr toolchain/bin/../lib/gcc/avr/4.4.3/avr5\libgcc.a(_clzsi2.o)
 .debug_pubnames
                0x00001309       0x1f c:/program files/atmel/avr tools/avr toolchain/bin/../lib/gcc/avr/4.4.3/avr5\libgcc.a(_pack_sf.o)
 .debug_pubnames
                0x00001328       0x21 c:/program files/atmel/avr tools/avr toolchain/bin/../lib/gcc/avr/4.4.3/avr5\libgcc.a(_unpack_sf.o)
 .debug_pubnames
                0x00001349       0x26 c:/program files/atmel/avr tools/avr toolchain/bin/../lib/gcc/avr/4.4.3/avr5\libgcc.a(_fpcmp_parts_sf.o)
 .debug_pubnames
                0x0000136f       0x20 c:/program files/atmel/avr tools/avr toolchain/bin/../lib/gcc/avr/4.4.3/avr5\libgcc.a(_clz.o)
 .debug_pubnames
                0x0000138f       0x7f c:/program files/atmel/avr tools/avr toolchain/bin/../lib/gcc/avr/4.4.3/../../../../avr/lib/avr5\libc.a(malloc.o)
 .debug_pubnames
                0x0000140e       0x36 c:/program files/atmel/avr tools/avr toolchain/bin/../lib/gcc/avr/4.4.3/../../../../avr/lib/avr5\libc.a(random.o)
 .debug_pubnames
                0x00001444       0x1e c:/program files/atmel/avr tools/avr toolchain/bin/../lib/gcc/avr/4.4.3/../../../../avr/lib/avr5\libc.a(realloc.o)

.debug_info     0x00000000     0x928c
 *(.debug_info)
 .debug_info    0x00000000      0x4bc main.o
 .debug_info    0x000004bc      0x168 pins_arduino.o
 .debug_info    0x00000624      0x144 WInterrupts.o
 .debug_info    0x00000768      0x1fd wiring.o
 .debug_info    0x00000965      0x1b6 wiring_analog.o
 .debug_info    0x00000b1b      0x4b1 wiring_digital.o
 .debug_info    0x00000fcc      0x272 wiring_pulse.o
 .debug_info    0x0000123e      0x13e wiring_shift.o
 .debug_info    0x0000137c      0x8a7 HardwareSerial.o
 .debug_info    0x00001c23     0x1288 Print.o
 .debug_info    0x00002eab      0x5fe Tone.o
 .debug_info    0x000034a9      0x1ba WMath.o
 .debug_info    0x00003663     0x1995 WString.o
 .debug_info    0x00004ff8      0x13e cplusplushelper.o
 .debug_info    0x00005136      0x88f Wire.o
 .debug_info    0x000059c5      0x133 EEPROM.o
 .debug_info    0x00005af8      0xb10 AFMotor.o
 .debug_info    0x00006608      0x4d1 twi.o
 .debug_info    0x00006ad9       0xb1 c:/program files/atmel/avr tools/avr toolchain/bin/../lib/gcc/avr/4.4.3/avr5\libgcc.a(_fixunssfsi.o)
 .debug_info    0x00006b8a      0x470 c:/program files/atmel/avr tools/avr toolchain/bin/../lib/gcc/avr/4.4.3/avr5\libgcc.a(_addsub_sf.o)
 .debug_info    0x00006ffa      0x417 c:/program files/atmel/avr tools/avr toolchain/bin/../lib/gcc/avr/4.4.3/avr5\libgcc.a(_mul_sf.o)
 .debug_info    0x00007411      0x38c c:/program files/atmel/avr tools/avr toolchain/bin/../lib/gcc/avr/4.4.3/avr5\libgcc.a(_div_sf.o)
 .debug_info    0x0000779d      0x27f c:/program files/atmel/avr tools/avr toolchain/bin/../lib/gcc/avr/4.4.3/avr5\libgcc.a(_ge_sf.o)
 .debug_info    0x00007a1c      0x27f c:/program files/atmel/avr tools/avr toolchain/bin/../lib/gcc/avr/4.4.3/avr5\libgcc.a(_lt_sf.o)
 .debug_info    0x00007c9b      0x207 c:/program files/atmel/avr tools/avr toolchain/bin/../lib/gcc/avr/4.4.3/avr5\libgcc.a(_si_to_sf.o)
 .debug_info    0x00007ea2      0x2b0 c:/program files/atmel/avr tools/avr toolchain/bin/../lib/gcc/avr/4.4.3/avr5\libgcc.a(_sf_to_si.o)
 .debug_info    0x00008152      0x154 c:/program files/atmel/avr tools/avr toolchain/bin/../lib/gcc/avr/4.4.3/avr5\libgcc.a(_thenan_sf.o)
 .debug_info    0x000082a6      0x206 c:/program files/atmel/avr tools/avr toolchain/bin/../lib/gcc/avr/4.4.3/avr5\libgcc.a(_usi_to_sf.o)
 .debug_info    0x000084ac      0x117 c:/program files/atmel/avr tools/avr toolchain/bin/../lib/gcc/avr/4.4.3/avr5\libgcc.a(_clzsi2.o)
 .debug_info    0x000085c3      0x2df c:/program files/atmel/avr tools/avr toolchain/bin/../lib/gcc/avr/4.4.3/avr5\libgcc.a(_pack_sf.o)
 .debug_info    0x000088a2      0x251 c:/program files/atmel/avr tools/avr toolchain/bin/../lib/gcc/avr/4.4.3/avr5\libgcc.a(_unpack_sf.o)
 .debug_info    0x00008af3      0x216 c:/program files/atmel/avr tools/avr toolchain/bin/../lib/gcc/avr/4.4.3/avr5\libgcc.a(_fpcmp_parts_sf.o)
 .debug_info    0x00008d09       0xa9 c:/program files/atmel/avr tools/avr toolchain/bin/../lib/gcc/avr/4.4.3/avr5\libgcc.a(_clz.o)
 .debug_info    0x00008db2      0x226 c:/program files/atmel/avr tools/avr toolchain/bin/../lib/gcc/avr/4.4.3/../../../../avr/lib/avr5\libc.a(malloc.o)
 .debug_info    0x00008fd8      0x11a c:/program files/atmel/avr tools/avr toolchain/bin/../lib/gcc/avr/4.4.3/../../../../avr/lib/avr5\libc.a(random.o)
 .debug_info    0x000090f2      0x19a c:/program files/atmel/avr tools/avr toolchain/bin/../lib/gcc/avr/4.4.3/../../../../avr/lib/avr5\libc.a(realloc.o)
 *(.gnu.linkonce.wi.*)

.debug_abbrev   0x00000000     0x3143
 *(.debug_abbrev)
 .debug_abbrev  0x00000000      0x183 main.o
 .debug_abbrev  0x00000183       0x88 pins_arduino.o
 .debug_abbrev  0x0000020b       0xbc WInterrupts.o
 .debug_abbrev  0x000002c7       0xe2 wiring.o
 .debug_abbrev  0x000003a9      0x113 wiring_analog.o
 .debug_abbrev  0x000004bc      0x153 wiring_digital.o
 .debug_abbrev  0x0000060f       0xfd wiring_pulse.o
 .debug_abbrev  0x0000070c       0xa4 wiring_shift.o
 .debug_abbrev  0x000007b0      0x331 HardwareSerial.o
 .debug_abbrev  0x00000ae1      0x26e Print.o
 .debug_abbrev  0x00000d4f      0x1f3 Tone.o
 .debug_abbrev  0x00000f42       0xb7 WMath.o
 .debug_abbrev  0x00000ff9      0x2f7 WString.o
 .debug_abbrev  0x000012f0       0xec cplusplushelper.o
 .debug_abbrev  0x000013dc      0x218 Wire.o
 .debug_abbrev  0x000015f4       0xce EEPROM.o
 .debug_abbrev  0x000016c2      0x2da AFMotor.o
 .debug_abbrev  0x0000199c      0x1b0 twi.o
 .debug_abbrev  0x00001b4c       0x5d c:/program files/atmel/avr tools/avr toolchain/bin/../lib/gcc/avr/4.4.3/avr5\libgcc.a(_fixunssfsi.o)
 .debug_abbrev  0x00001ba9      0x1db c:/program files/atmel/avr tools/avr toolchain/bin/../lib/gcc/avr/4.4.3/avr5\libgcc.a(_addsub_sf.o)
 .debug_abbrev  0x00001d84      0x209 c:/program files/atmel/avr tools/avr toolchain/bin/../lib/gcc/avr/4.4.3/avr5\libgcc.a(_mul_sf.o)
 .debug_abbrev  0x00001f8d      0x1e5 c:/program files/atmel/avr tools/avr toolchain/bin/../lib/gcc/avr/4.4.3/avr5\libgcc.a(_div_sf.o)
 .debug_abbrev  0x00002172      0x15a c:/program files/atmel/avr tools/avr toolchain/bin/../lib/gcc/avr/4.4.3/avr5\libgcc.a(_ge_sf.o)
 .debug_abbrev  0x000022cc      0x15a c:/program files/atmel/avr tools/avr toolchain/bin/../lib/gcc/avr/4.4.3/avr5\libgcc.a(_lt_sf.o)
 .debug_abbrev  0x00002426      0x148 c:/program files/atmel/avr tools/avr toolchain/bin/../lib/gcc/avr/4.4.3/avr5\libgcc.a(_si_to_sf.o)
 .debug_abbrev  0x0000256e      0x17f c:/program files/atmel/avr tools/avr toolchain/bin/../lib/gcc/avr/4.4.3/avr5\libgcc.a(_sf_to_si.o)
 .debug_abbrev  0x000026ed       0xc3 c:/program files/atmel/avr tools/avr toolchain/bin/../lib/gcc/avr/4.4.3/avr5\libgcc.a(_thenan_sf.o)
 .debug_abbrev  0x000027b0      0x157 c:/program files/atmel/avr tools/avr toolchain/bin/../lib/gcc/avr/4.4.3/avr5\libgcc.a(_usi_to_sf.o)
 .debug_abbrev  0x00002907       0xc4 c:/program files/atmel/avr tools/avr toolchain/bin/../lib/gcc/avr/4.4.3/avr5\libgcc.a(_clzsi2.o)
 .debug_abbrev  0x000029cb      0x1c0 c:/program files/atmel/avr tools/avr toolchain/bin/../lib/gcc/avr/4.4.3/avr5\libgcc.a(_pack_sf.o)
 .debug_abbrev  0x00002b8b      0x154 c:/program files/atmel/avr tools/avr toolchain/bin/../lib/gcc/avr/4.4.3/avr5\libgcc.a(_unpack_sf.o)
 .debug_abbrev  0x00002cdf      0x13b c:/program files/atmel/avr tools/avr toolchain/bin/../lib/gcc/avr/4.4.3/avr5\libgcc.a(_fpcmp_parts_sf.o)
 .debug_abbrev  0x00002e1a       0x6a c:/program files/atmel/avr tools/avr toolchain/bin/../lib/gcc/avr/4.4.3/avr5\libgcc.a(_clz.o)
 .debug_abbrev  0x00002e84      0x10d c:/program files/atmel/avr tools/avr toolchain/bin/../lib/gcc/avr/4.4.3/../../../../avr/lib/avr5\libc.a(malloc.o)
 .debug_abbrev  0x00002f91       0xda c:/program files/atmel/avr tools/avr toolchain/bin/../lib/gcc/avr/4.4.3/../../../../avr/lib/avr5\libc.a(random.o)
 .debug_abbrev  0x0000306b       0xd8 c:/program files/atmel/avr tools/avr toolchain/bin/../lib/gcc/avr/4.4.3/../../../../avr/lib/avr5\libc.a(realloc.o)

.debug_line     0x00000000     0x5c9b
 *(.debug_line)
 .debug_line    0x00000000      0x17b main.o
 .debug_line    0x0000017b       0xd9 pins_arduino.o
 .debug_line    0x00000254      0x19c WInterrupts.o
 .debug_line    0x000003f0      0x299 wiring.o
 .debug_line    0x00000689      0x22c wiring_analog.o
 .debug_line    0x000008b5      0x297 wiring_digital.o
 .debug_line    0x00000b4c      0x18b wiring_pulse.o
 .debug_line    0x00000cd7      0x159 wiring_shift.o
 .debug_line    0x00000e30      0x42b HardwareSerial.o
 .debug_line    0x0000125b      0x532 Print.o
 .debug_line    0x0000178d      0x43c Tone.o
 .debug_line    0x00001bc9       0xf2 WMath.o
 .debug_line    0x00001cbb      0xe1b WString.o
 .debug_line    0x00002ad6      0x151 cplusplushelper.o
 .debug_line    0x00002c27      0x3f6 Wire.o
 .debug_line    0x0000301d       0xff EEPROM.o
 .debug_line    0x0000311c      0xb4d AFMotor.o
 .debug_line    0x00003c69      0x557 twi.o
 .debug_line    0x000041c0       0xc9 c:/program files/atmel/avr tools/avr toolchain/bin/../lib/gcc/avr/4.4.3/avr5\libgcc.a(_fixunssfsi.o)
 .debug_line    0x00004289      0x2c3 c:/program files/atmel/avr tools/avr toolchain/bin/../lib/gcc/avr/4.4.3/avr5\libgcc.a(_addsub_sf.o)
 .debug_line    0x0000454c      0x24b c:/program files/atmel/avr tools/avr toolchain/bin/../lib/gcc/avr/4.4.3/avr5\libgcc.a(_mul_sf.o)
 .debug_line    0x00004797      0x1de c:/program files/atmel/avr tools/avr toolchain/bin/../lib/gcc/avr/4.4.3/avr5\libgcc.a(_div_sf.o)
 .debug_line    0x00004975       0xf5 c:/program files/atmel/avr tools/avr toolchain/bin/../lib/gcc/avr/4.4.3/avr5\libgcc.a(_ge_sf.o)
 .debug_line    0x00004a6a       0xf5 c:/program files/atmel/avr tools/avr toolchain/bin/../lib/gcc/avr/4.4.3/avr5\libgcc.a(_lt_sf.o)
 .debug_line    0x00004b5f      0x14d c:/program files/atmel/avr tools/avr toolchain/bin/../lib/gcc/avr/4.4.3/avr5\libgcc.a(_si_to_sf.o)
 .debug_line    0x00004cac      0x12b c:/program files/atmel/avr tools/avr toolchain/bin/../lib/gcc/avr/4.4.3/avr5\libgcc.a(_sf_to_si.o)
 .debug_line    0x00004dd7       0xb2 c:/program files/atmel/avr tools/avr toolchain/bin/../lib/gcc/avr/4.4.3/avr5\libgcc.a(_thenan_sf.o)
 .debug_line    0x00004e89      0x14b c:/program files/atmel/avr tools/avr toolchain/bin/../lib/gcc/avr/4.4.3/avr5\libgcc.a(_usi_to_sf.o)
 .debug_line    0x00004fd4       0xc7 c:/program files/atmel/avr tools/avr toolchain/bin/../lib/gcc/avr/4.4.3/avr5\libgcc.a(_clzsi2.o)
 .debug_line    0x0000509b      0x1ac c:/program files/atmel/avr tools/avr toolchain/bin/../lib/gcc/avr/4.4.3/avr5\libgcc.a(_pack_sf.o)
 .debug_line    0x00005247      0x16d c:/program files/atmel/avr tools/avr toolchain/bin/../lib/gcc/avr/4.4.3/avr5\libgcc.a(_unpack_sf.o)
 .debug_line    0x000053b4      0x159 c:/program files/atmel/avr tools/avr toolchain/bin/../lib/gcc/avr/4.4.3/avr5\libgcc.a(_fpcmp_parts_sf.o)
 .debug_line    0x0000550d       0x9e c:/program files/atmel/avr tools/avr toolchain/bin/../lib/gcc/avr/4.4.3/avr5\libgcc.a(_clz.o)
 .debug_line    0x000055ab      0x33b c:/program files/atmel/avr tools/avr toolchain/bin/../lib/gcc/avr/4.4.3/../../../../avr/lib/avr5\libc.a(malloc.o)
 .debug_line    0x000058e6      0x143 c:/program files/atmel/avr tools/avr toolchain/bin/../lib/gcc/avr/4.4.3/../../../../avr/lib/avr5\libc.a(random.o)
 .debug_line    0x00005a29      0x272 c:/program files/atmel/avr tools/avr toolchain/bin/../lib/gcc/avr/4.4.3/../../../../avr/lib/avr5\libc.a(realloc.o)

.debug_frame    0x00000000      0xe40
 *(.debug_frame)
 .debug_frame   0x00000000       0x30 main.o
 .debug_frame   0x00000030       0x50 WInterrupts.o
 .debug_frame   0x00000080       0x70 wiring.o
 .debug_frame   0x000000f0       0x40 wiring_analog.o
 .debug_frame   0x00000130       0x50 wiring_digital.o
 .debug_frame   0x00000180       0x20 wiring_pulse.o
 .debug_frame   0x000001a0       0x30 wiring_shift.o
 .debug_frame   0x000001d0       0xc0 HardwareSerial.o
 .debug_frame   0x00000290      0x180 Print.o
 .debug_frame   0x00000410       0x50 Tone.o
 .debug_frame   0x00000460       0x70 WMath.o
 .debug_frame   0x000004d0      0x360 WString.o
 .debug_frame   0x00000830       0x70 cplusplushelper.o
 .debug_frame   0x000008a0      0x150 Wire.o
 .debug_frame   0x000009f0       0x30 EEPROM.o
 .debug_frame   0x00000a20      0x100 AFMotor.o
 .debug_frame   0x00000b20       0xc0 twi.o
 .debug_frame   0x00000be0       0x20 c:/program files/atmel/avr tools/avr toolchain/bin/../lib/gcc/avr/4.4.3/avr5\libgcc.a(_fixunssfsi.o)
 .debug_frame   0x00000c00       0x40 c:/program files/atmel/avr tools/avr toolchain/bin/../lib/gcc/avr/4.4.3/avr5\libgcc.a(_addsub_sf.o)
 .debug_frame   0x00000c40       0x20 c:/program files/atmel/avr tools/avr toolchain/bin/../lib/gcc/avr/4.4.3/avr5\libgcc.a(_mul_sf.o)
 .debug_frame   0x00000c60       0x20 c:/program files/atmel/avr tools/avr toolchain/bin/../lib/gcc/avr/4.4.3/avr5\libgcc.a(_div_sf.o)
 .debug_frame   0x00000c80       0x20 c:/program files/atmel/avr tools/avr toolchain/bin/../lib/gcc/avr/4.4.3/avr5\libgcc.a(_ge_sf.o)
 .debug_frame   0x00000ca0       0x20 c:/program files/atmel/avr tools/avr toolchain/bin/../lib/gcc/avr/4.4.3/avr5\libgcc.a(_lt_sf.o)
 .debug_frame   0x00000cc0       0x20 c:/program files/atmel/avr tools/avr toolchain/bin/../lib/gcc/avr/4.4.3/avr5\libgcc.a(_si_to_sf.o)
 .debug_frame   0x00000ce0       0x20 c:/program files/atmel/avr tools/avr toolchain/bin/../lib/gcc/avr/4.4.3/avr5\libgcc.a(_sf_to_si.o)
 .debug_frame   0x00000d00       0x20 c:/program files/atmel/avr tools/avr toolchain/bin/../lib/gcc/avr/4.4.3/avr5\libgcc.a(_usi_to_sf.o)
 .debug_frame   0x00000d20       0x20 c:/program files/atmel/avr tools/avr toolchain/bin/../lib/gcc/avr/4.4.3/avr5\libgcc.a(_clzsi2.o)
 .debug_frame   0x00000d40       0x20 c:/program files/atmel/avr tools/avr toolchain/bin/../lib/gcc/avr/4.4.3/avr5\libgcc.a(_pack_sf.o)
 .debug_frame   0x00000d60       0x20 c:/program files/atmel/avr tools/avr toolchain/bin/../lib/gcc/avr/4.4.3/avr5\libgcc.a(_unpack_sf.o)
 .debug_frame   0x00000d80       0x20 c:/program files/atmel/avr tools/avr toolchain/bin/../lib/gcc/avr/4.4.3/avr5\libgcc.a(_fpcmp_parts_sf.o)
 .debug_frame   0x00000da0       0x30 c:/program files/atmel/avr tools/avr toolchain/bin/../lib/gcc/avr/4.4.3/../../../../avr/lib/avr5\libc.a(malloc.o)
 .debug_frame   0x00000dd0       0x50 c:/program files/atmel/avr tools/avr toolchain/bin/../lib/gcc/avr/4.4.3/../../../../avr/lib/avr5\libc.a(random.o)
 .debug_frame   0x00000e20       0x20 c:/program files/atmel/avr tools/avr toolchain/bin/../lib/gcc/avr/4.4.3/../../../../avr/lib/avr5\libc.a(realloc.o)

.debug_str      0x00000000     0x1d1f
 *(.debug_str)
 .debug_str     0x00000000      0x4b8 main.o
                                0x54e (size before relaxing)
 .debug_str     0x000004b8       0xb0 pins_arduino.o
                                0x15b (size before relaxing)
 .debug_str     0x00000568       0x7e WInterrupts.o
                                0x129 (size before relaxing)
 .debug_str     0x000005e6       0x78 wiring.o
                                0x13e (size before relaxing)
 .debug_str     0x0000065e       0x65 wiring_analog.o
                                0x146 (size before relaxing)
 .debug_str     0x000006c3       0x48 wiring_digital.o
                                0x1b3 (size before relaxing)
 .debug_str     0x0000070b       0x4c wiring_pulse.o
                                0x16d (size before relaxing)
 .debug_str     0x00000757       0x4b wiring_shift.o
                                 0xf6 (size before relaxing)
 .debug_str     0x000007a2      0x20d HardwareSerial.o
                                0x37b (size before relaxing)
 .debug_str     0x000009af      0x73f Print.o
                                0x839 (size before relaxing)
 .debug_str     0x000010ee      0x15c Tone.o
                                0x282 (size before relaxing)
 .debug_str     0x0000124a       0xaa WMath.o
                                0x111 (size before relaxing)
 .debug_str     0x000012f4       0xc9 WString.o
                                0x660 (size before relaxing)
 .debug_str     0x000013bd       0x9e cplusplushelper.o
                                0x105 (size before relaxing)
 .debug_str     0x0000145b       0x44 Wire.o
                                0x4e6 (size before relaxing)
 .debug_str     0x0000149f       0x16 EEPROM.o
                                0x118 (size before relaxing)
 .debug_str     0x000014b5      0x20e AFMotor.o
                                0x33b (size before relaxing)
 .debug_str     0x000016c3      0x184 twi.o
                                0x247 (size before relaxing)
 .debug_str     0x00001847       0xe3 c:/program files/atmel/avr tools/avr toolchain/bin/../lib/gcc/avr/4.4.3/avr5\libgcc.a(_fixunssfsi.o)
                                0x155 (size before relaxing)
 .debug_str     0x0000192a      0x14a c:/program files/atmel/avr tools/avr toolchain/bin/../lib/gcc/avr/4.4.3/avr5\libgcc.a(_addsub_sf.o)
                                0x243 (size before relaxing)
 .debug_str     0x00001a74       0x27 c:/program files/atmel/avr tools/avr toolchain/bin/../lib/gcc/avr/4.4.3/avr5\libgcc.a(_mul_sf.o)
                                0x1fc (size before relaxing)
 .debug_str     0x00001a9b       0x35 c:/program files/atmel/avr tools/avr toolchain/bin/../lib/gcc/avr/4.4.3/avr5\libgcc.a(_div_sf.o)
                                0x205 (size before relaxing)
 .debug_str     0x00001ad0        0x8 c:/program files/atmel/avr tools/avr toolchain/bin/../lib/gcc/avr/4.4.3/avr5\libgcc.a(_ge_sf.o)
                                0x1ca (size before relaxing)
 .debug_str     0x00001ad8        0x8 c:/program files/atmel/avr tools/avr toolchain/bin/../lib/gcc/avr/4.4.3/avr5\libgcc.a(_lt_sf.o)
                                0x1ca (size before relaxing)
 .debug_str     0x00001ae0       0x1e c:/program files/atmel/avr tools/avr toolchain/bin/../lib/gcc/avr/4.4.3/avr5\libgcc.a(_si_to_sf.o)
                                0x1b0 (size before relaxing)
 .debug_str     0x00001afe        0xa c:/program files/atmel/avr tools/avr toolchain/bin/../lib/gcc/avr/4.4.3/avr5\libgcc.a(_sf_to_si.o)
                                0x1d3 (size before relaxing)
 .debug_str     0x00000000      0x175 c:/program files/atmel/avr tools/avr toolchain/bin/../lib/gcc/avr/4.4.3/avr5\libgcc.a(_thenan_sf.o)
 .debug_str     0x00001b08        0xe c:/program files/atmel/avr tools/avr toolchain/bin/../lib/gcc/avr/4.4.3/avr5\libgcc.a(_usi_to_sf.o)
                                0x1ac (size before relaxing)
 .debug_str     0x00001b16       0x20 c:/program files/atmel/avr tools/avr toolchain/bin/../lib/gcc/avr/4.4.3/avr5\libgcc.a(_clzsi2.o)
                                0x168 (size before relaxing)
 .debug_str     0x00001b36       0x10 c:/program files/atmel/avr tools/avr toolchain/bin/../lib/gcc/avr/4.4.3/avr5\libgcc.a(_pack_sf.o)
                                0x1d2 (size before relaxing)
 .debug_str     0x00001b46        0xb c:/program files/atmel/avr tools/avr toolchain/bin/../lib/gcc/avr/4.4.3/avr5\libgcc.a(_unpack_sf.o)
                                0x1b4 (size before relaxing)
 .debug_str     0x00001b51       0x10 c:/program files/atmel/avr tools/avr toolchain/bin/../lib/gcc/avr/4.4.3/avr5\libgcc.a(_fpcmp_parts_sf.o)
                                0x198 (size before relaxing)
 .debug_str     0x00000000      0x14b c:/program files/atmel/avr tools/avr toolchain/bin/../lib/gcc/avr/4.4.3/avr5\libgcc.a(_clz.o)
 .debug_str     0x00001b61       0xe2 c:/program files/atmel/avr tools/avr toolchain/bin/../lib/gcc/avr/4.4.3/../../../../avr/lib/avr5\libc.a(malloc.o)
                                0x161 (size before relaxing)
 .debug_str     0x00001c43       0x72 c:/program files/atmel/avr tools/avr toolchain/bin/../lib/gcc/avr/4.4.3/../../../../avr/lib/avr5\libc.a(random.o)
                                 0xb2 (size before relaxing)
 .debug_str     0x00001cb5       0x6a c:/program files/atmel/avr tools/avr toolchain/bin/../lib/gcc/avr/4.4.3/../../../../avr/lib/avr5\libc.a(realloc.o)
                                0x125 (size before relaxing)

.debug_loc      0x00000000     0x540b
 *(.debug_loc)
 .debug_loc     0x00000000       0x36 WInterrupts.o
 .debug_loc     0x00000036       0xfd wiring.o
 .debug_loc     0x00000133      0x1bc wiring_analog.o
 .debug_loc     0x000002ef      0x26c wiring_digital.o
 .debug_loc     0x0000055b      0x29c wiring_pulse.o
 .debug_loc     0x000007f7       0xf5 wiring_shift.o
 .debug_loc     0x000008ec      0x354 HardwareSerial.o
 .debug_loc     0x00000c40      0xc5a Print.o
 .debug_loc     0x0000189a      0x440 Tone.o
 .debug_loc     0x00001cda      0x20e WMath.o
 .debug_loc     0x00001ee8     0x1669 WString.o
 .debug_loc     0x00003551       0x48 cplusplushelper.o
 .debug_loc     0x00003599      0x3a7 Wire.o
 .debug_loc     0x00003940       0x83 EEPROM.o
 .debug_loc     0x000039c3      0x83b AFMotor.o
 .debug_loc     0x000041fe       0xa5 twi.o
 .debug_loc     0x000042a3       0x34 c:/program files/atmel/avr tools/avr toolchain/bin/../lib/gcc/avr/4.4.3/avr5\libgcc.a(_fixunssfsi.o)
 .debug_loc     0x000042d7      0x366 c:/program files/atmel/avr tools/avr toolchain/bin/../lib/gcc/avr/4.4.3/avr5\libgcc.a(_addsub_sf.o)
 .debug_loc     0x0000463d      0x156 c:/program files/atmel/avr tools/avr toolchain/bin/../lib/gcc/avr/4.4.3/avr5\libgcc.a(_mul_sf.o)
 .debug_loc     0x00004793       0xce c:/program files/atmel/avr tools/avr toolchain/bin/../lib/gcc/avr/4.4.3/avr5\libgcc.a(_div_sf.o)
 .debug_loc     0x00004861       0x3c c:/program files/atmel/avr tools/avr toolchain/bin/../lib/gcc/avr/4.4.3/avr5\libgcc.a(_ge_sf.o)
 .debug_loc     0x0000489d       0x3c c:/program files/atmel/avr tools/avr toolchain/bin/../lib/gcc/avr/4.4.3/avr5\libgcc.a(_lt_sf.o)
 .debug_loc     0x000048d9       0xac c:/program files/atmel/avr tools/avr toolchain/bin/../lib/gcc/avr/4.4.3/avr5\libgcc.a(_si_to_sf.o)
 .debug_loc     0x00004985       0x7e c:/program files/atmel/avr tools/avr toolchain/bin/../lib/gcc/avr/4.4.3/avr5\libgcc.a(_sf_to_si.o)
 .debug_loc     0x00004a03       0x78 c:/program files/atmel/avr tools/avr toolchain/bin/../lib/gcc/avr/4.4.3/avr5\libgcc.a(_usi_to_sf.o)
 .debug_loc     0x00004a7b       0xaa c:/program files/atmel/avr tools/avr toolchain/bin/../lib/gcc/avr/4.4.3/avr5\libgcc.a(_clzsi2.o)
 .debug_loc     0x00004b25       0xc6 c:/program files/atmel/avr tools/avr toolchain/bin/../lib/gcc/avr/4.4.3/avr5\libgcc.a(_pack_sf.o)
 .debug_loc     0x00004beb       0xec c:/program files/atmel/avr tools/avr toolchain/bin/../lib/gcc/avr/4.4.3/avr5\libgcc.a(_unpack_sf.o)
 .debug_loc     0x00004cd7       0x50 c:/program files/atmel/avr tools/avr toolchain/bin/../lib/gcc/avr/4.4.3/avr5\libgcc.a(_fpcmp_parts_sf.o)
 .debug_loc     0x00004d27      0x320 c:/program files/atmel/avr tools/avr toolchain/bin/../lib/gcc/avr/4.4.3/../../../../avr/lib/avr5\libc.a(malloc.o)
 .debug_loc     0x00005047       0x74 c:/program files/atmel/avr tools/avr toolchain/bin/../lib/gcc/avr/4.4.3/../../../../avr/lib/avr5\libc.a(random.o)
 .debug_loc     0x000050bb      0x350 c:/program files/atmel/avr tools/avr toolchain/bin/../lib/gcc/avr/4.4.3/../../../../avr/lib/avr5\libc.a(realloc.o)

.debug_macinfo
 *(.debug_macinfo)
OUTPUT(Arduino.elf elf32-avr)
LOAD linker stubs

.debug_ranges   0x00000000      0x600
 .debug_ranges  0x00000000       0x48 wiring_digital.o
 .debug_ranges  0x00000048       0x18 wiring_pulse.o
 .debug_ranges  0x00000060       0x18 HardwareSerial.o
 .debug_ranges  0x00000078       0x18 Print.o
 .debug_ranges  0x00000090       0xb8 Tone.o
 .debug_ranges  0x00000148      0x378 WString.o
 .debug_ranges  0x000004c0       0x18 Wire.o
 .debug_ranges  0x000004d8       0x38 AFMotor.o
 .debug_ranges  0x00000510       0x70 twi.o
 .debug_ranges  0x00000580       0x18 c:/program files/atmel/avr tools/avr toolchain/bin/../lib/gcc/avr/4.4.3/avr5\libgcc.a(_mul_sf.o)
 .debug_ranges  0x00000598       0x20 c:/program files/atmel/avr tools/avr toolchain/bin/../lib/gcc/avr/4.4.3/../../../../avr/lib/avr5\libc.a(malloc.o)
 .debug_ranges  0x000005b8       0x30 c:/program files/atmel/avr tools/avr toolchain/bin/../lib/gcc/avr/4.4.3/../../../../avr/lib/avr5\libc.a(random.o)
 .debug_ranges  0x000005e8       0x18 c:/program files/atmel/avr tools/avr toolchain/bin/../lib/gcc/avr/4.4.3/../../../../avr/lib/avr5\libc.a(realloc.o)